Component: ARM Compiler 5.06 update 5 (build 528) Tool: armlink [4d35e2]

==============================================================================

Section Cross References

    startup_stm32f407xx.o(RESET) refers to startup_stm32f407xx.o(STACK) for __initial_sp
    startup_stm32f407xx.o(RESET) refers to startup_stm32f407xx.o(.text) for Reset_Handler
    startup_stm32f407xx.o(RESET) refers to stm32f4xx_it.o(i.NMI_Handler) for NMI_Handler
    startup_stm32f407xx.o(RESET) refers to stm32f4xx_it.o(i.HardFault_Handler) for HardFault_Handler
    startup_stm32f407xx.o(RESET) refers to stm32f4xx_it.o(i.MemManage_Handler) for MemManage_Handler
    startup_stm32f407xx.o(RESET) refers to stm32f4xx_it.o(i.BusFault_Handler) for BusFault_Handler
    startup_stm32f407xx.o(RESET) refers to stm32f4xx_it.o(i.UsageFault_Handler) for UsageFault_Handler
    startup_stm32f407xx.o(RESET) refers to stm32f4xx_it.o(i.SVC_Handler) for SVC_Handler
    startup_stm32f407xx.o(RESET) refers to stm32f4xx_it.o(i.DebugMon_Handler) for DebugMon_Handler
    startup_stm32f407xx.o(RESET) refers to stm32f4xx_it.o(i.PendSV_Handler) for PendSV_Handler
    startup_stm32f407xx.o(RESET) refers to stm32f4xx_it.o(i.SysTick_Handler) for SysTick_Handler
    startup_stm32f407xx.o(RESET) refers to stm32f4xx_it.o(i.TIM1_UP_TIM10_IRQHandler) for TIM1_UP_TIM10_IRQHandler
    startup_stm32f407xx.o(RESET) refers to stm32f4xx_it.o(i.TIM2_IRQHandler) for TIM2_IRQHandler
    startup_stm32f407xx.o(RESET) refers to stm32f4xx_it.o(i.USART1_IRQHandler) for USART1_IRQHandler
    startup_stm32f407xx.o(RESET) refers to stm32f4xx_it.o(i.USART2_IRQHandler) for USART2_IRQHandler
    startup_stm32f407xx.o(RESET) refers to stm32f4xx_it.o(i.USART3_IRQHandler) for USART3_IRQHandler
    startup_stm32f407xx.o(RESET) refers to stm32f4xx_it.o(i.UART4_IRQHandler) for UART4_IRQHandler
    startup_stm32f407xx.o(RESET) refers to stm32f4xx_it.o(i.UART5_IRQHandler) for UART5_IRQHandler
    startup_stm32f407xx.o(RESET) refers to stm32f4xx_it.o(i.DMA2_Stream0_IRQHandler) for DMA2_Stream0_IRQHandler
    startup_stm32f407xx.o(RESET) refers to stm32f4xx_it.o(i.USART6_IRQHandler) for USART6_IRQHandler
    startup_stm32f407xx.o(.text) refers to system_stm32f4xx.o(i.SystemInit) for SystemInit
    startup_stm32f407xx.o(.text) refers to entry.o(.ARM.Collect$$$$00000000) for __main
    main.o(i.SystemClock_Config) refers to memseta.o(.text) for __aeabi_memclr4
    main.o(i.SystemClock_Config) refers to stm32f4xx_hal_rcc.o(i.HAL_RCC_OscConfig) for HAL_RCC_OscConfig
    main.o(i.SystemClock_Config) refers to stm32f4xx_hal_rcc.o(i.HAL_RCC_ClockConfig) for HAL_RCC_ClockConfig
    main.o(i.main) refers to stm32f4xx_hal.o(i.HAL_Init) for HAL_Init
    main.o(i.main) refers to oled.o(i.OLED_Init) for OLED_Init
    main.o(i.main) refers to main.o(i.SystemClock_Config) for SystemClock_Config
    main.o(i.main) refers to gpio.o(i.MX_GPIO_Init) for MX_GPIO_Init
    main.o(i.main) refers to dma.o(i.MX_DMA_Init) for MX_DMA_Init
    main.o(i.main) refers to usart.o(i.MX_USART1_UART_Init) for MX_USART1_UART_Init
    main.o(i.main) refers to usart.o(i.MX_USART3_UART_Init) for MX_USART3_UART_Init
    main.o(i.main) refers to tim.o(i.MX_TIM2_Init) for MX_TIM2_Init
    main.o(i.main) refers to usart.o(i.MX_UART4_Init) for MX_UART4_Init
    main.o(i.main) refers to usart.o(i.MX_UART5_Init) for MX_UART5_Init
    main.o(i.main) refers to usart.o(i.MX_USART6_UART_Init) for MX_USART6_UART_Init
    main.o(i.main) refers to usart.o(i.MX_USART2_UART_Init) for MX_USART2_UART_Init
    main.o(i.main) refers to adc.o(i.MX_ADC1_Init) for MX_ADC1_Init
    main.o(i.main) refers to tim.o(i.MX_TIM3_Init) for MX_TIM3_Init
    main.o(i.main) refers to tim.o(i.MX_TIM4_Init) for MX_TIM4_Init
    main.o(i.main) refers to tim.o(i.MX_TIM1_Init) for MX_TIM1_Init
    main.o(i.main) refers to motor.o(i.PWM_Init) for PWM_Init
    main.o(i.main) refers to serial.o(i.UART_Init) for UART_Init
    main.o(i.main) refers to stm32f4xx_hal_tim.o(i.HAL_TIM_Base_Start_IT) for HAL_TIM_Base_Start_IT
    main.o(i.main) refers to stm32f4xx_hal.o(i.HAL_Delay) for HAL_Delay
    main.o(i.main) refers to motor.o(i.move) for move
    main.o(i.main) refers to oled.o(i.OLED_ShowNum) for OLED_ShowNum
    main.o(i.main) refers to on_stage.o(i.tai_shang_control) for tai_shang_control
    main.o(i.main) refers to under_stage.o(i.under_stage_control) for under_stage_control
    main.o(i.main) refers to tim.o(.bss) for htim1
    main.o(i.main) refers to serial.o(.data) for left_laser
    main.o(i.main) refers to main.o(.data) for .data
    gpio.o(i.MX_GPIO_Init) refers to memseta.o(.text) for __aeabi_memclr4
    gpio.o(i.MX_GPIO_Init) refers to stm32f4xx_hal_gpio.o(i.HAL_GPIO_WritePin) for HAL_GPIO_WritePin
    gpio.o(i.MX_GPIO_Init) refers to stm32f4xx_hal_gpio.o(i.HAL_GPIO_Init) for HAL_GPIO_Init
    adc.o(i.ADC_dispose) refers to stm32f4xx_hal_adc.o(i.HAL_ADC_Start_DMA) for HAL_ADC_Start_DMA
[...]
    ..\Drivers\STM32F4xx_HAL_Driver\Src\stm32f4xx_hal_tim.c 0x00000000   Number         0  stm32f4xx_hal_tim.o ABSOLUTE
    ..\Drivers\STM32F4xx_HAL_Driver\Src\stm32f4xx_hal_tim_ex.c 0x00000000   Number         0  stm32f4xx_hal_tim_ex.o ABSOLUTE
    ..\Drivers\STM32F4xx_HAL_Driver\Src\stm32f4xx_hal_uart.c 0x00000000   Number         0  stm32f4xx_hal_uart.o ABSOLUTE
    ..\\Core\\Src\\E18.c                     0x00000000   Number         0  e18.o ABSOLUTE
    ..\\Core\\Src\\OLED.c                    0x00000000   Number         0  oled.o ABSOLUTE
    ..\\Core\\Src\\Serial.c                  0x00000000   Number         0  serial.o ABSOLUTE
    ..\\Core\\Src\\motor.c                   0x00000000   Number         0  motor.o ABSOLUTE
    ..\\Core\\Src\\on_stage.c                0x00000000   Number         0  on_stage.o ABSOLUTE
    ..\\Core\\Src\\under_stage.c             0x00000000   Number         0  under_stage.o ABSOLUTE
    cdcmple.s                                0x00000000   Number         0  cdcmple.o ABSOLUTE
    cdrcmple.s                               0x00000000   Number         0  cdrcmple.o ABSOLUTE
    dc.s                                     0x00000000   Number         0  dc.o ABSOLUTE
    handlers.s                               0x00000000   Number         0  handlers.o ABSOLUTE
    init.s                                   0x00000000   Number         0  init.o ABSOLUTE
    startup_stm32f407xx.s                    0x00000000   Number         0  startup_stm32f407xx.o ABSOLUTE
    RESET                                    0x08000000   Section      392  startup_stm32f407xx.o(RESET)
    .ARM.Collect$$$$00000000                 0x08000188   Section        0  entry.o(.ARM.Collect$$$$00000000)
    .ARM.Collect$$$$00000001                 0x08000188   Section        4  entry2.o(.ARM.Collect$$$$00000001)
    .ARM.Collect$$$$00000004                 0x0800018c   Section        4  entry5.o(.ARM.Collect$$$$00000004)
    .ARM.Collect$$$$00000008                 0x08000190   Section        0  entry7b.o(.ARM.Collect$$$$00000008)
    .ARM.Collect$$$$0000000A                 0x08000190   Section        0  entry8b.o(.ARM.Collect$$$$0000000A)
    .ARM.Collect$$$$0000000B                 0x08000190   Section        8  entry9a.o(.ARM.Collect$$$$0000000B)
    .ARM.Collect$$$$0000000D                 0x08000198   Section        0  entry10a.o(.ARM.Collect$$$$0000000D)
    .ARM.Collect$$$$0000000F                 0x08000198   Section        0  entry11a.o(.ARM.Collect$$$$0000000F)
    .ARM.Collect$$$$00002712                 0x08000198   Section        4  entry2.o(.ARM.Collect$$$$00002712)
    __lit__00000000                          0x08000198   Data           4  entry2.o(.ARM.Collect$$$$00002712)
    .text                                    0x0800019c   Section       36  startup_stm32f407xx.o(.text)
    $v0                                      0x0800019c   Number         0  startup_stm32f407xx.o(.text)
    .text                                    0x080001c0   Section        0  uldiv.o(.text)
    .text                                    0x08000222   Section        0  memseta.o(.text)
    .text                                    0x08000246   Section        0  dadd.o(.text)
    .text                                    0x08000394   Section        0  dmul.o(.text)
    .text                                    0x08000478   Section        0  dflti.o(.text)
    .text                                    0x0800049a   Section        0  dfltui.o(.text)
    .text                                    0x080004b4   Section        0  dfixi.o(.text)
    .text                                    0x080004f2   Section        0  dfixui.o(.text)
    .text                                    0x08000524   Section       48  cdcmple.o(.text)
    .text                                    0x08000554   Section       48  cdrcmple.o(.text)
    .text                                    0x08000584   Section        0  llshl.o(.text)
    .text                                    0x080005a2   Section        0  llushr.o(.text)
    .text                                    0x080005c2   Section        0  llsshr.o(.text)
    .text                                    0x080005e6   Section        0  depilogue.o(.text)
    .text                                    0x080005e6   Section        0  iusefp.o(.text)
    .text                                    0x080006a0   Section       36  init.o(.text)
    i.ADC_DMAConvCplt                        0x080006c4   Section        0  stm32f4xx_hal_adc.o(i.ADC_DMAConvCplt)
    ADC_DMAConvCplt                          0x080006c5   Thumb Code   110  stm32f4xx_hal_adc.o(i.ADC_DMAConvCplt)
    i.ADC_DMAError                           0x08000732   Section        0  stm32f4xx_hal_adc.o(i.ADC_DMAError)
    ADC_DMAError                             0x08000733   Thumb Code    22  stm32f4xx_hal_adc.o(i.ADC_DMAError)
    i.ADC_DMAHalfConvCplt                    0x08000748   Section        0  stm32f4xx_hal_adc.o(i.ADC_DMAHalfConvCplt)
    ADC_DMAHalfConvCplt                      0x08000749   Thumb Code    10  stm32f4xx_hal_adc.o(i.ADC_DMAHalfConvCplt)
    i.ADC_Init                               0x08000754   Section        0  stm32f4xx_hal_adc.o(i.ADC_Init)
    ADC_Init                                 0x08000755   Thumb Code   284  stm32f4xx_hal_adc.o(i.ADC_Init)
    i.ADC_dispose                            0x0800087c   Section        0  adc.o(i.ADC_dispose)
    i.BusFault_Handler                       0x0800090c   Section        0  stm32f4xx_it.o(i.BusFault_Handler)
    i.DMA2_Stream0_IRQHandler                0x08000910   Section        0  stm32f4xx_it.o(i.DMA2_Stream0_IRQHandler)
    i.DMA_CalcBaseAndBitshift                0x0800091c   Section        0  stm32f4xx_hal_dma.o(i.DMA_CalcBaseAndBitshift)
    DMA_CalcBaseAndBitshift                  0x0800091d   Thumb Code    34  stm32f4xx_hal_dma.o(i.DMA_CalcBaseAndBitshift)
    i.DMA_CheckFifoParam                     0x08000944   Section        0  stm32f4xx_hal_dma.o(i.DMA_CheckFifoParam)
    DMA_CheckFifoParam                       0x08000945   Thumb Code    84  stm32f4xx_hal_dma.o(i.DMA_CheckFifoParam)
    i.DMA_SetConfig                          0x08000998   Section        0  stm32f4xx_hal_dma.o(i.DMA_SetConfig)
    DMA_SetConfig                            0x08000999   Thumb Code    40  stm32f4xx_hal_dma.o(i.DMA_SetConfig)
    i.DebugMon_Handler                       0x080009c0   Section        0  stm32f4xx_it.o(i.DebugMon_Handler)
    i.Error_Handler                          0x080009c2   Section        0  main.o(i.Error_Handler)
    i.HAL_ADC_ConfigChannel                  0x080009c4   Section        0  stm32f4xx_hal_adc.o(i.HAL_ADC_ConfigChannel)
    i.HAL_ADC_ConvCpltCallback               0x08000b10   Section        0  stm32f4xx_hal_adc.o(i.HAL_ADC_ConvCpltCallback)
    i.HAL_ADC_ConvHalfCpltCallback           0x08000b12   Section        0  stm32f4xx_hal_adc.o(i.HAL_ADC_ConvHalfCpltCallback)
    i.HAL_ADC_ErrorCallback                  0x08000b14   Section        0  stm32f4xx_hal_adc.o(i.HAL_ADC_ErrorCallback)
    i.HAL_ADC_Init                           0x08000b16   Section        0  stm32f4xx_hal_adc.o(i.HAL_ADC_Init)
    i.HAL_ADC_MspInit                        0x08000b6c   Section        0  adc.o(i.HAL_ADC_MspInit)
    i.HAL_ADC_Start_DMA                      0x08000c24   Section        0  stm32f4xx_hal_adc.o(i.HAL_ADC_Start_DMA)
    i.HAL_DMA_Abort                          0x08000d78   Section        0  stm32f4xx_hal_dma.o(i.HAL_DMA_Abort)
    i.HAL_DMA_Abort_IT                       0x08000e0a   Section        0  stm32f4xx_hal_dma.o(i.HAL_DMA_Abort_IT)
    i.HAL_DMA_IRQHandler                     0x08000e30   Section        0  stm32f4xx_hal_dma.o(i.HAL_DMA_IRQHandler)
    i.HAL_DMA_Init                           0x08000fd0   Section        0  stm32f4xx_hal_dma.o(i.HAL_DMA_Init)
    i.HAL_DMA_Start_IT                       0x080010a4   Section        0  stm32f4xx_hal_dma.o(i.HAL_DMA_Start_IT)
    i.HAL_Delay                              0x08001114   Section        0  stm32f4xx_hal.o(i.HAL_Delay)
    i.HAL_GPIO_Init                          0x08001138   Section        0  stm32f4xx_hal_gpio.o(i.HAL_GPIO_Init)
    i.HAL_GPIO_ReadPin                       0x08001328   Section        0  stm32f4xx_hal_gpio.o(i.HAL_GPIO_ReadPin)
    i.HAL_GPIO_WritePin                      0x08001332   Section        0  stm32f4xx_hal_gpio.o(i.HAL_GPIO_WritePin)
    i.HAL_GetTick                            0x0800133c   Section        0  stm32f4xx_hal.o(i.HAL_GetTick)
    i.HAL_IncTick                            0x08001348   Section        0  stm32f4xx_hal.o(i.HAL_IncTick)
    i.HAL_Init                               0x08001358   Section        0  stm32f4xx_hal.o(i.HAL_Init)
    i.HAL_InitTick                           0x0800138c   Section        0  stm32f4xx_hal.o(i.HAL_InitTick)
    i.HAL_MspInit                            0x080013cc   Section        0  stm32f4xx_hal_msp.o(i.HAL_MspInit)
    i.HAL_NVIC_EnableIRQ                     0x080013fc   Section        0  stm32f4xx_hal_cortex.o(i.HAL_NVIC_EnableIRQ)
    i.HAL_NVIC_SetPriority                   0x08001418   Section        0  stm32f4xx_hal_cortex.o(i.HAL_NVIC_SetPriority)
    i.HAL_NVIC_SetPriorityGrouping           0x08001458   Section        0  stm32f4xx_hal_cortex.o(i.HAL_NVIC_SetPriorityGrouping)
    i.HAL_RCC_ClockConfig                    0x0800147c   Section        0  stm32f4xx_hal_rcc.o(i.HAL_RCC_ClockConfig)
    i.HAL_RCC_GetPCLK1Freq                   0x080015b0   Section        0  stm32f4xx_hal_rcc.o(i.HAL_RCC_GetPCLK1Freq)
    i.HAL_RCC_GetPCLK2Freq                   0x080015d0   Section        0  stm32f4xx_hal_rcc.o(i.HAL_RCC_GetPCLK2Freq)
    i.HAL_RCC_GetSysClockFreq                0x080015f0   Section        0  stm32f4xx_hal_rcc.o(i.HAL_RCC_GetSysClockFreq)
    i.HAL_RCC_OscConfig                      0x08001654   Section        0  stm32f4xx_hal_rcc.o(i.HAL_RCC_OscConfig)
    i.HAL_SYSTICK_Config                     0x080019c0   Section        0  stm32f4xx_hal_cortex.o(i.HAL_SYSTICK_Config)
    i.HAL_TIMEx_BreakCallback                0x080019e8   Section        0  stm32f4xx_hal_tim_ex.o(i.HAL_TIMEx_BreakCallback)
    i.HAL_TIMEx_CommutCallback               0x080019ea   Section        0  stm32f4xx_hal_tim_ex.o(i.HAL_TIMEx_CommutCallback)
    i.HAL_TIMEx_MasterConfigSynchronization  0x080019ec   Section        0  stm32f4xx_hal_tim_ex.o(i.HAL_TIMEx_MasterConfigSynchronization)
    i.HAL_TIM_Base_Init                      0x08001a7c   Section        0  stm32f4xx_hal_tim.o(i.HAL_TIM_Base_Init)
    i.HAL_TIM_Base_MspInit                   0x08001ad8   Section        0  tim.o(i.HAL_TIM_Base_MspInit)
    i.HAL_TIM_Base_Start_IT                  0x08001b14   Section        0  stm32f4xx_hal_tim.o(i.HAL_TIM_Base_Start_IT)
    i.HAL_TIM_ConfigClockSource              0x08001b94   Section        0  stm32f4xx_hal_tim.o(i.HAL_TIM_ConfigClockSource)
    i.HAL_TIM_IC_CaptureCallback             0x08001c70   Section        0  stm32f4xx_hal_tim.o(i.HAL_TIM_IC_CaptureCallback)
    i.HAL_TIM_IRQHandler                     0x08001c72   Section        0  stm32f4xx_hal_tim.o(i.HAL_TIM_IRQHandler)
    i.HAL_TIM_MspPostInit                    0x08001da4   Section        0  tim.o(i.HAL_TIM_MspPostInit)
    i.HAL_TIM_OC_DelayElapsedCallback        0x08001e58   Section        0  stm32f4xx_hal_tim.o(i.HAL_TIM_OC_DelayElapsedCallback)
    i.HAL_TIM_PWM_ConfigChannel              0x08001e5a   Section        0  stm32f4xx_hal_tim.o(i.HAL_TIM_PWM_ConfigChannel)
    i.HAL_TIM_PWM_Init                       0x08001f26   Section        0  stm32f4xx_hal_tim.o(i.HAL_TIM_PWM_Init)
    i.HAL_TIM_PWM_MspInit                    0x08001f80   Section        0  tim.o(i.HAL_TIM_PWM_MspInit)
    i.HAL_TIM_PWM_PulseFinishedCallback      0x08001fec   Section        0  stm32f4xx_hal_tim.o(i.HAL_TIM_PWM_PulseFinishedCallback)
    i.HAL_TIM_PWM_Start                      0x08001ff0   Section        0  stm32f4xx_hal_tim.o(i.HAL_TIM_PWM_Start)
    i.HAL_TIM_PeriodElapsedCallback          0x080020b8   Section        0  stm32f4xx_hal_tim.o(i.HAL_TIM_PeriodElapsedCallback)
    i.HAL_TIM_TriggerCallback                0x080020ba   Section        0  stm32f4xx_hal_tim.o(i.HAL_TIM_TriggerCallback)
    i.HAL_UARTEx_RxEventCallback             0x080020bc   Section        0  stm32f4xx_hal_uart.o(i.HAL_UARTEx_RxEventCallback)
    i.HAL_UART_ErrorCallback                 0x080020be   Section        0  stm32f4xx_hal_uart.o(i.HAL_UART_ErrorCallback)
    i.HAL_UART_IRQHandler                    0x080020c0   Section        0  stm32f4xx_hal_uart.o(i.HAL_UART_IRQHandler)
    i.HAL_UART_Init                          0x08002330   Section        0  stm32f4xx_hal_uart.o(i.HAL_UART_Init)
    i.HAL_UART_MspInit                       0x08002394   Section        0  usart.o(i.HAL_UART_MspInit)
    i.HAL_UART_Receive_IT                    0x080025fc   Section        0  stm32f4xx_hal_uart.o(i.HAL_UART_Receive_IT)
    i.HAL_UART_RxCpltCallback                0x08002618   Section        0  usart.o(i.HAL_UART_RxCpltCallback)
    i.HAL_UART_TxCpltCallback                0x08002f68   Section        0  stm32f4xx_hal_uart.o(i.HAL_UART_TxCpltCallback)
    i.HardFault_Handler                      0x08002f6a   Section        0  stm32f4xx_it.o(i.HardFault_Handler)
    i.MX_ADC1_Init                           0x08002f6c   Section        0  adc.o(i.MX_ADC1_Init)
    i.MX_DMA_Init                            0x08002ffc   Section        0  dma.o(i.MX_DMA_Init)
    i.MX_GPIO_Init                           0x08003028   Section        0  gpio.o(i.MX_GPIO_Init)
    i.MX_TIM1_Init                           0x080030b8   Section        0  tim.o(i.MX_TIM1_Init)
    i.MX_TIM2_Init                           0x08003124   Section        0  tim.o(i.MX_TIM2_Init)
    i.MX_TIM3_Init                           0x080031a0   Section        0  tim.o(i.MX_TIM3_Init)
    i.MX_TIM4_Init                           0x08003220   Section        0  tim.o(i.MX_TIM4_Init)
    i.MX_UART4_Init                          0x080032c0   Section        0  usart.o(i.MX_UART4_Init)
    i.MX_UART5_Init                          0x08003304   Section        0  usart.o(i.MX_UART5_Init)
    i.MX_USART1_UART_Init                    0x08003348   Section        0  usart.o(i.MX_USART1_UART_Init)
    i.MX_USART2_UART_Init                    0x0800338c   Section        0  usart.o(i.MX_USART2_UART_Init)
    i.MX_USART3_UART_Init                    0x080033d0   Section        0  usart.o(i.MX_USART3_UART_Init)
    i.MX_USART6_UART_Init                    0x08003414   Section        0  usart.o(i.MX_USART6_UART_Init)
    i.MemManage_Handler                      0x0800344c   Section        0  stm32f4xx_it.o(i.MemManage_Handler)
    i.Motor_Stop                             0x08003450   Section        0  motor.o(i.Motor_Stop)
    i.NMI_Handler                            0x08003474   Section        0  stm32f4xx_it.o(i.NMI_Handler)
    i.OLED_Clear                             0x08003476   Section        0  oled.o(i.OLED_Clear)
    i.OLED_I2C_Init                          0x0800349c   Section        0  oled.o(i.OLED_I2C_Init)
    i.OLED_I2C_SendByte                      0x080034b2   Section        0  oled.o(i.OLED_I2C_SendByte)
    i.OLED_I2C_Start                         0x080034e8   Section        0  oled.o(i.OLED_I2C_Start)
    i.OLED_I2C_Stop                          0x08003506   Section        0  oled.o(i.OLED_I2C_Stop)
    i.OLED_Init                              0x0800351e   Section        0  oled.o(i.OLED_Init)
    i.OLED_Pow                               0x080035ca   Section        0  oled.o(i.OLED_Pow)
    i.OLED_SetCursor                         0x080035d8   Section        0  oled.o(i.OLED_SetCursor)
    i.OLED_ShowChar                          0x080035fc   Section        0  oled.o(i.OLED_ShowChar)
    i.OLED_ShowNum                           0x08003664   Section        0  oled.o(i.OLED_ShowNum)
    i.OLED_W_SCL                             0x080036a8   Section        0  oled.o(i.OLED_W_SCL)
    i.OLED_W_SDA                             0x080036b8   Section        0  oled.o(i.OLED_W_SDA)
    i.OLED_WriteCommand                      0x080036c8   Section        0  oled.o(i.OLED_WriteCommand)
    i.OLED_WriteData                         0x080036ea   Section        0  oled.o(i.OLED_WriteData)
    i.PWM_Init                               0x0800370c   Section        0  motor.o(i.PWM_Init)
    i.PWM_SetCompare                         0x08003764   Section        0  motor.o(i.PWM_SetCompare)
    i.PendSV_Handler                         0x080037b0   Section        0  stm32f4xx_it.o(i.PendSV_Handler)
    i.ProcessMotorCommands                   0x080037b4   Section        0  serial.o(i.ProcessMotorCommands)
    i.Read_left_front_edge                   0x08003890   Section        0  e18.o(i.Read_left_front_edge)
    i.Read_right_front_edge                  0x0800389c   Section        0  e18.o(i.Read_right_front_edge)
    i.Read_wall_left                         0x080038a8   Section        0  e18.o(i.Read_wall_left)
    i.Read_wall_right                        0x080038b4   Section        0  e18.o(i.Read_wall_right)
    i.SVC_Handler                            0x080038c0   Section        0  stm32f4xx_it.o(i.SVC_Handler)
    i.SysTick_Handler                        0x080038c2   Section        0  stm32f4xx_it.o(i.SysTick_Handler)
    i.SystemClock_Config                     0x080038c8   Section        0  main.o(i.SystemClock_Config)
    i.SystemInit                             0x08003958   Section        0  system_stm32f4xx.o(i.SystemInit)
    i.TIM1_UP_TIM10_IRQHandler               0x08003968   Section        0  stm32f4xx_it.o(i.TIM1_UP_TIM10_IRQHandler)
    i.TIM2_IRQHandler                        0x080039c8   Section        0  stm32f4xx_it.o(i.TIM2_IRQHandler)
    i.TIM_Base_SetConfig                     0x080039d4   Section        0  stm32f4xx_hal_tim.o(i.TIM_Base_SetConfig)
    i.TIM_CCxChannelCmd                      0x08003aac   Section        0  stm32f4xx_hal_tim.o(i.TIM_CCxChannelCmd)
    i.TIM_ETR_SetConfig                      0x08003ac6   Section        0  stm32f4xx_hal_tim.o(i.TIM_ETR_SetConfig)
    i.TIM_ITRx_SetConfig                     0x08003ada   Section        0  stm32f4xx_hal_tim.o(i.TIM_ITRx_SetConfig)
    TIM_ITRx_SetConfig                       0x08003adb   Thumb Code    16  stm32f4xx_hal_tim.o(i.TIM_ITRx_SetConfig)
    i.TIM_OC1_SetConfig                      0x08003aec   Section        0  stm32f4xx_hal_tim.o(i.TIM_OC1_SetConfig)
    TIM_OC1_SetConfig                        0x08003aed   Thumb Code    88  stm32f4xx_hal_tim.o(i.TIM_OC1_SetConfig)
    i.TIM_OC2_SetConfig                      0x08003b4c   Section        0  stm32f4xx_hal_tim.o(i.TIM_OC2_SetConfig)
    i.TIM_OC3_SetConfig                      0x08003bb8   Section        0  stm32f4xx_hal_tim.o(i.TIM_OC3_SetConfig)
    TIM_OC3_SetConfig                        0x08003bb9   Thumb Code    96  stm32f4xx_hal_tim.o(i.TIM_OC3_SetConfig)
    i.TIM_OC4_SetConfig                      0x08003c20   Section        0  stm32f4xx_hal_tim.o(i.TIM_OC4_SetConfig)
    TIM_OC4_SetConfig                        0x08003c21   Thumb Code    70  stm32f4xx_hal_tim.o(i.TIM_OC4_SetConfig)
    i.TIM_TI1_ConfigInputStage               0x08003c70   Section        0  stm32f4xx_hal_tim.o(i.TIM_TI1_ConfigInputStage)
    TIM_TI1_ConfigInputStage                 0x08003c71   Thumb Code    34  stm32f4xx_hal_tim.o(i.TIM_TI1_ConfigInputStage)
    i.TIM_TI2_ConfigInputStage               0x08003c92   Section        0  stm32f4xx_hal_tim.o(i.TIM_TI2_ConfigInputStage)
    TIM_TI2_ConfigInputStage                 0x08003c93   Thumb Code    36  stm32f4xx_hal_tim.o(i.TIM_TI2_ConfigInputStage)
    i.Turn_180                               0x08003cb8   Section        0  motor.o(i.Turn_180)
    i.Turn_left_90                           0x08003cf8   Section        0  motor.o(i.Turn_left_90)
    i.Turn_right_90                          0x08003d64   Section        0  motor.o(i.Turn_right_90)
    i.UART4_IRQHandler                       0x08003dd0   Section        0  stm32f4xx_it.o(i.UART4_IRQHandler)
    i.UART5_IRQHandler                       0x08003ddc   Section        0  stm32f4xx_it.o(i.UART5_IRQHandler)
    i.UART_DMAAbortOnError                   0x08003de8   Section        0  stm32f4xx_hal_uart.o(i.UART_DMAAbortOnError)
    UART_DMAAbortOnError                     0x08003de9   Thumb Code    16  stm32f4xx_hal_uart.o(i.UART_DMAAbortOnError)
    i.UART_EndRxTransfer                     0x08003df8   Section        0  stm32f4xx_hal_uart.o(i.UART_EndRxTransfer)
    UART_EndRxTransfer                       0x08003df9   Thumb Code    78  stm32f4xx_hal_uart.o(i.UART_EndRxTransfer)
    i.UART_Init                              0x08003e48   Section        0  serial.o(i.UART_Init)
    i.UART_ParsePacket                       0x08003e5c   Section        0  serial.o(i.UART_ParsePacket)
    i.UART_Receive_IT                        0x08003e80   Section        0  stm32f4xx_hal_uart.o(i.UART_Receive_IT)
    UART_Receive_IT                          0x08003e81   Thumb Code   194  stm32f4xx_hal_uart.o(i.UART_Receive_IT)
    i.UART_SetConfig                         0x08003f44   Section        0  stm32f4xx_hal_uart.o(i.UART_SetConfig)
    UART_SetConfig                           0x08003f45   Thumb Code   258  stm32f4xx_hal_uart.o(i.UART_SetConfig)
    i.UART_Start_Receive_IT                  0x08004050   Section        0  stm32f4xx_hal_uart.o(i.UART_Start_Receive_IT)
    i.USART1_IRQHandler                      0x08004088   Section        0  stm32f4xx_it.o(i.USART1_IRQHandler)
    i.USART2_IRQHandler                      0x08004094   Section        0  stm32f4xx_it.o(i.USART2_IRQHandler)
    i.USART3_IRQHandler                      0x080040a0   Section        0  stm32f4xx_it.o(i.USART3_IRQHandler)
    i.USART6_IRQHandler                      0x080040ac   Section        0  stm32f4xx_it.o(i.USART6_IRQHandler)
    i.UsageFault_Handler                     0x080040b8   Section        0  stm32f4xx_it.o(i.UsageFault_Handler)
    i.__NVIC_SetPriority                     0x080040ba   Section        0  stm32f4xx_hal_cortex.o(i.__NVIC_SetPriority)
    __NVIC_SetPriority                       0x080040bb   Thumb Code    32  stm32f4xx_hal_cortex.o(i.__NVIC_SetPriority)
    i.__scatterload_copy                     0x080040da   Section       14  handlers.o(i.__scatterload_copy)
    i.__scatterload_null                     0x080040e8   Section        2  handlers.o(i.__scatterload_null)
    i.__scatterload_zeroinit                 0x080040ea   Section       14  handlers.o(i.__scatterload_zeroinit)
    i.data1_process                          0x080040f8   Section        0  usart.o(i.data1_process)
    i.data2_process                          0x080041c4   Section        0  usart.o(i.data2_process)
    i.data5_process                          0x0800427c   Section        0  usart.o(i.data5_process)
    i.direction_judge                        0x08004330   Section        0  adc.o(i.direction_judge)
    i.edge_scan                              0x0800435c   Section        0  on_stage.o(i.edge_scan)
    i.left_Speed                             0x080043ac   Section        0  motor.o(i.left_Speed)
    i.main                                   0x08004468   Section        0  main.o(i.main)
    i.move                                   0x080045c0   Section        0  motor.o(i.move)
    i.right_Speed                            0x08004670   Section        0  motor.o(i.right_Speed)
    i.tai_shang_control                      0x08004738   Section        0  on_stage.o(i.tai_shang_control)
    i.under_stage_control                    0x080048a0   Section        0  under_stage.o(i.under_stage_control)
    .constdata                               0x08004be8   Section        8  stm32f4xx_hal_dma.o(.constdata)
    flagBitshiftOffset                       0x08004be8   Data           8  stm32f4xx_hal_dma.o(.constdata)
    .constdata                               0x08004bf0   Section       16  system_stm32f4xx.o(.constdata)
    .constdata                               0x08004c00   Section        8  system_stm32f4xx.o(.constdata)
    .constdata                               0x08004c08   Section     1520  oled.o(.constdata)
    .data                                    0x20000000   Section        4  main.o(.data)
    .data                                    0x20000004   Section        2  main.o(.data)
    .data                                    0x20000006   Section        1  main.o(.data)
    .data                                    0x20000008   Section        2  main.o(.data)
    .data                                    0x2000000a   Section        2  main.o(.data)
    .data                                    0x2000000c   Section        2  main.o(.data)
    .data                                    0x20000010   Section        4  main.o(.data)
    .data                                    0x20000014   Section        4  main.o(.data)
    .data                                    0x20000018   Section        2  main.o(.data)
    .data                                    0x2000001a   Section        1  main.o(.data)
    .data                                    0x2000001c   Section        2  main.o(.data)
    .data                                    0x2000001e   Section        2  main.o(.data)
    .data                                    0x20000020   Section        2  main.o(.data)
    .data                                    0x20000024   Section        4  main.o(.data)
    .data                                    0x20000028   Section        4  main.o(.data)
    .data                                    0x2000002c   Section        2  main.o(.data)
    .data                                    0x2000002e   Section        1  main.o(.data)
    .data                                    0x20000030   Section        2  main.o(.data)
    .data                                    0x20000032   Section        2  main.o(.data)
    .data                                    0x20000034   Section        2  main.o(.data)
    .data                                    0x20000038   Section        4  main.o(.data)
    .data                                    0x2000003c   Section        4  main.o(.data)
    .data                                    0x20000040   Section       10  adc.o(.data)
    i                                        0x20000040   Data           1  adc.o(.data)
    .data                                    0x2000004c   Section       28  usart.o(.data)
    state                                    0x2000004c   Data           1  usart.o(.data)
    crc                                      0x2000004d   Data           1  usart.o(.data)
    cnt                                      0x2000004e   Data           1  usart.o(.data)
    PACK_FLAG                                0x2000004f   Data           1  usart.o(.data)
    data_len                                 0x20000050   Data           1  usart.o(.data)
    state_flag                               0x20000051   Data           1  usart.o(.data)
    rx_state                                 0x20000052   Data           1  usart.o(.data)
    rx_counter                               0x20000053   Data           1  usart.o(.data)
    checksum                                 0x20000054   Data           1  usart.o(.data)
    state_num                                0x20000055   Data           1  usart.o(.data)
    state_num                                0x20000056   Data           1  usart.o(.data)
    state_num                                0x20000057   Data           1  usart.o(.data)
    count                                    0x2000005e   Data           2  usart.o(.data)
    count                                    0x20000060   Data           2  usart.o(.data)
    count                                    0x20000062   Data           2  usart.o(.data)
    timestamp                                0x20000064   Data           4  usart.o(.data)
    .data                                    0x20000068   Section        4  stm32f4xx_it.o(.data)
    .data                                    0x2000006c   Section       12  stm32f4xx_hal.o(.data)
    .data                                    0x20000078   Section        4  system_stm32f4xx.o(.data)
    .data                                    0x2000007c   Section       12  motor.o(.data)
    .data                                    0x20000088   Section       16  serial.o(.data)
    .data                                    0x20000098   Section        8  under_stage.o(.data)
    .bss                                     0x200000a0   Section      216  adc.o(.bss)
    .bss                                     0x20000178   Section      288  tim.o(.bss)
    .bss                                     0x20000298   Section     1164  usart.o(.bss)
    rx_buffer                                0x20000298   Data          12  usart.o(.bss)
    STACK                                    0x20000728   Section     1024  startup_stm32f407xx.o(STACK)

    Global Symbols

    Symbol Name                              Value     Ov Type        Size  Object(Section)

    BuildAttributes$$THM_ISAv4$E$P$D$K$B$S$7EM$VFPi3$EXTD16$VFPS$VFMA$PE$A:L22UL41UL21$X:L11$S22US41US21$IEEE1$IW$USESV6$~STKCKD$USESV7$~SHL$OSPACE$ROPI$EBA8$MICROLIB$REQ8$PRES8$EABIv2 0x00000000   Number         0  anon$$obj.o ABSOLUTE
    __ARM_use_no_argv                        0x00000000   Number         0  main.o ABSOLUTE
    __cpp_initialize__aeabi_                  - Undefined Weak Reference
    __cxa_finalize                            - Undefined Weak Reference
    __decompress                              - Undefined Weak Reference
    _clock_init                               - Undefined Weak Reference
    _microlib_exit                            - Undefined Weak Reference
    __Vectors_Size                           0x00000188   Number         0  startup_stm32f407xx.o ABSOLUTE
    __Vectors                                0x08000000   Data           4  startup_stm32f407xx.o(RESET)
    __Vectors_End                            0x08000188   Data           0  startup_stm32f407xx.o(RESET)
    __main                                   0x08000189   Thumb Code     0  entry.o(.ARM.Collect$$$$00000000)
    _main_stk                                0x08000189   Thumb Code     0  entry2.o(.ARM.Collect$$$$00000001)
    _main_scatterload                        0x0800018d   Thumb Code     0  entry5.o(.ARM.Collect$$$$00000004)
    __main_after_scatterload                 0x08000191   Thumb Code     0  entry5.o(.ARM.Collect$$$$00000004)
    _main_clock                              0x08000191   Thumb Code     0  entry7b.o(.ARM.Collect$$$$00000008)
    _main_cpp_init                           0x08000191   Thumb Code     0  entry8b.o(.ARM.Collect$$$$0000000A)
    _main_init                               0x08000191   Thumb Code     0  entry9a.o(.ARM.Collect$$$$0000000B)
    __rt_final_cpp                           0x08000199   Thumb Code     0  entry10a.o(.ARM.Collect$$$$0000000D)
    __rt_final_exit                          0x08000199   Thumb Code     0  entry11a.o(.ARM.Collect$$$$0000000F)
    Reset_Handler                            0x0800019d   Thumb Code     8  startup_stm32f407xx.o(.text)
    ADC_IRQHandler                           0x080001b7   Thumb Code     0  startup_stm32f407xx.o(.text)
    CAN1_RX0_IRQHandler                      0x080001b7   Thumb Code     0  startup_stm32f407xx.o(.text)
    CAN1_RX1_IRQHandler                      0x080001b7   Thumb Code     0  startup_stm32f407xx.o(.text)
    CAN1_SCE_IRQHandler                      0x080001b7   Thumb Code     0  startup_stm32f407xx.o(.text)
    CAN1_TX_IRQHandler                       0x080001b7   Thumb Code     0  startup_stm32f407xx.o(.text)
    CAN2_RX0_IRQHandler                      0x080001b7   Thumb Code     0  startup_stm32f407xx.o(.text)
    CAN2_RX1_IRQHandler                      0x080001b7   Thumb Code     0  startup_stm32f407xx.o(.text)
    CAN2_SCE_IRQHandler                      0x080001b7   Thumb Code     0  startup_stm32f407xx.o(.text)
    CAN2_TX_IRQHandler                       0x080001b7   Thumb Code     0  startup_stm32f407xx.o(.text)
    DCMI_IRQHandler                          0x080001b7   Thumb Code     0  startup_stm32f407xx.o(.text)
    DMA1_Stream0_IRQHandler                  0x080001b7   Thumb Code     0  startup_stm32f407xx.o(.text)
    DMA1_Stream1_IRQHandler                  0x080001b7   Thumb Code     0  startup_stm32f407xx.o(.text)
    DMA1_Stream2_IRQHandler                  0x080001b7   Thumb Code     0  startup_stm32f407xx.o(.text)
    DMA1_Stream3_IRQHandler                  0x080001b7   Thumb Code     0  startup_stm32f407xx.o(.text)
    DMA1_Stream4_IRQHandler                  0x080001b7   Thumb Code     0  startup_stm32f407xx.o(.text)
    DMA1_Stream5_IRQHandler                  0x080001b7   Thumb Code     0  startup_stm32f407xx.o(.text)
    DMA1_Stream6_IRQHandler                  0x080001b7   Thumb Code     0  startup_stm32f407xx.o(.text)
    DMA1_Stream7_IRQHandler                  0x080001b7   Thumb Code     0  startup_stm32f407xx.o(.text)
    DMA2_Stream1_IRQHandler                  0x080001b7   Thumb Code     0  startup_stm32f407xx.o(.text)
    DMA2_Stream2_IRQHandler                  0x080001b7   Thumb Code     0  startup_stm32f407xx.o(.text)
    DMA2_Stream3_IRQHandler                  0x080001b7   Thumb Code     0  startup_stm32f407xx.o(.text)
    DMA2_Stream4_IRQHandler                  0x080001b7   Thumb Code     0  startup_stm32f407xx.o(.text)
    DMA2_Stream5_IRQHandler                  0x080001b7   Thumb Code     0  startup_stm32f407xx.o(.text)
    DMA2_Stream6_IRQHandler                  0x080001b7   Thumb Code     0  startup_stm32f407xx.o(.text)
    DMA2_Stream7_IRQHandler                  0x080001b7   Thumb Code     0  startup_stm32f407xx.o(.text)
    ETH_IRQHandler                           0x080001b7   Thumb Code     0  startup_stm32f407xx.o(.text)
    ETH_WKUP_IRQHandler                      0x080001b7   Thumb Code     0  startup_stm32f407xx.o(.text)
    EXTI0_IRQHandler                         0x080001b7   Thumb Code     0  startup_stm32f407xx.o(.text)
    EXTI15_10_IRQHandler                     0x080001b7   Thumb Code     0  startup_stm32f407xx.o(.text)
    EXTI1_IRQHandler                         0x080001b7   Thumb Code     0  startup_stm32f407xx.o(.text)
    EXTI2_IRQHandler                         0x080001b7   Thumb Code     0  startup_stm32f407xx.o(.text)
    EXTI3_IRQHandler                         0x080001b7   Thumb Code     0  startup_stm32f407xx.o(.text)
    EXTI4_IRQHandler                         0x080001b7   Thumb Code     0  startup_stm32f407xx.o(.text)
    EXTI9_5_IRQHandler                       0x080001b7   Thumb Code     0  startup_stm32f407xx.o(.text)
    FLASH_IRQHandler                         0x080001b7   Thumb Code     0  startup_stm32f407xx.o(.text)
    FMC_IRQHandler                           0x080001b7   Thumb Code     0  startup_stm32f407xx.o(.text)
    FPU_IRQHandler                           0x080001b7   Thumb Code     0  startup_stm32f407xx.o(.text)
    HASH_RNG_IRQHandler                      0x080001b7   Thumb Code     0  startup_stm32f407xx.o(.text)
    I2C1_ER_IRQHandler                       0x080001b7   Thumb Code     0  startup_stm32f407xx.o(.text)
    I2C1_EV_IRQHandler                       0x080001b7   Thumb Code     0  startup_stm32f407xx.o(.text)
    I2C2_ER_IRQHandler                       0x080001b7   Thumb Code     0  startup_stm32f407xx.o(.text)
    I2C2_EV_IRQHandler                       0x080001b7   Thumb Code     0  startup_stm32f407xx.o(.text)
    I2C3_ER_IRQHandler                       0x080001b7   Thumb Code     0  startup_stm32f407xx.o(.text)
    I2C3_EV_IRQHandler                       0x080001b7   Thumb Code     0  startup_stm32f407xx.o(.text)
    OTG_FS_IRQHandler                        0x080001b7   Thumb Code     0  startup_stm32f407xx.o(.text)
    OTG_FS_WKUP_IRQHandler                   0x080001b7   Thumb Code     0  startup_stm32f407xx.o(.text)
    OTG_HS_EP1_IN_IRQHandler                 0x080001b7   Thumb Code     0  startup_stm32f407xx.o(.text)
    OTG_HS_EP1_OUT_IRQHandler                0x080001b7   Thumb Code     0  startup_stm32f407xx.o(.text)
    OTG_HS_IRQHandler                        0x080001b7   Thumb Code     0  startup_stm32f407xx.o(.text)
    OTG_HS_WKUP_IRQHandler                   0x080001b7   Thumb Code     0  startup_stm32f407xx.o(.text)
    PVD_IRQHandler                           0x080001b7   Thumb Code     0  startup_stm32f407xx.o(.text)
    RCC_IRQHandler                           0x080001b7   Thumb Code     0  startup_stm32f407xx.o(.text)
    RTC_Alarm_IRQHandler                     0x080001b7   Thumb Code     0  startup_stm32f407xx.o(.text)
    RTC_WKUP_IRQHandler                      0x080001b7   Thumb Code     0  startup_stm32f407xx.o(.text)
    SDIO_IRQHandler                          0x080001b7   Thumb Code     0  startup_stm32f407xx.o(.text)
    SPI1_IRQHandler                          0x080001b7   Thumb Code     0  startup_stm32f407xx.o(.text)
    SPI2_IRQHandler                          0x080001b7   Thumb Code     0  startup_stm32f407xx.o(.text)
    SPI3_IRQHandler                          0x080001b7   Thumb Code     0  startup_stm32f407xx.o(.text)
    TAMP_STAMP_IRQHandler                    0x080001b7   Thumb Code     0  startup_stm32f407xx.o(.text)
    TIM1_BRK_TIM9_IRQHandler                 0x080001b7   Thumb Code     0  startup_stm32f407xx.o(.text)
    TIM1_CC_IRQHandler                       0x080001b7   Thumb Code     0  startup_stm32f407xx.o(.text)
    TIM1_TRG_COM_TIM11_IRQHandler            0x080001b7   Thumb Code     0  startup_stm32f407xx.o(.text)
    TIM3_IRQHandler                          0x080001b7   Thumb Code     0  startup_stm32f407xx.o(.text)
    TIM4_IRQHandler                          0x080001b7   Thumb Code     0  startup_stm32f407xx.o(.text)
    TIM5_IRQHandler                          0x080001b7   Thumb Code     0  startup_stm32f407xx.o(.text)
    TIM6_DAC_IRQHandler                      0x080001b7   Thumb Code     0  startup_stm32f407xx.o(.text)
    TIM7_IRQHandler                          0x080001b7   Thumb Code     0  startup_stm32f407xx.o(.text)
    TIM8_BRK_TIM12_IRQHandler                0x080001b7   Thumb Code     0  startup_stm32f407xx.o(.text)
    TIM8_CC_IRQHandler                       0x080001b7   Thumb Code     0  startup_stm32f407xx.o(.text)
    TIM8_TRG_COM_TIM14_IRQHandler            0x080001b7   Thumb Code     0  startup_stm32f407xx.o(.text)
    TIM8_UP_TIM13_IRQHandler                 0x080001b7   Thumb Code     0  startup_stm32f407xx.o(.text)
    WWDG_IRQHandler                          0x080001b7   Thumb Code     0  startup_stm32f407xx.o(.text)
    __aeabi_uldivmod                         0x080001c1   Thumb Code    98  uldiv.o(.text)
    __aeabi_memset                           0x08000223   Thumb Code    14  memseta.o(.text)
    __aeabi_memset4                          0x08000223   Thumb Code     0  memseta.o(.text)
    __aeabi_memset8                          0x08000223   Thumb Code     0  memseta.o(.text)
    __aeabi_memclr                           0x08000231   Thumb Code     4  memseta.o(.text)
    __aeabi_memclr4                          0x08000231   Thumb Code     0  memseta.o(.text)
    __aeabi_memclr8                          0x08000231   Thumb Code     0  memseta.o(.text)
    _memset$wrapper                          0x08000235   Thumb Code    18  memseta.o(.text)
    __aeabi_dadd                             0x08000247   Thumb Code   322  dadd.o(.text)
    __aeabi_dsub                             0x08000389   Thumb Code     6  dadd.o(.text)
    __aeabi_drsub                            0x0800038f   Thumb Code     6  dadd.o(.text)
    __aeabi_dmul                             0x08000395   Thumb Code   228  dmul.o(.text)
    __aeabi_i2d                              0x08000479   Thumb Code    34  dflti.o(.text)
    __aeabi_ui2d                             0x0800049b   Thumb Code    26  dfltui.o(.text)
    __aeabi_d2iz                             0x080004b5   Thumb Code    62  dfixi.o(.text)
    __aeabi_d2uiz                            0x080004f3   Thumb Code    50  dfixui.o(.text)
    __aeabi_cdcmpeq                          0x08000525   Thumb Code     0  cdcmple.o(.text)
    __aeabi_cdcmple                          0x08000525   Thumb Code    48  cdcmple.o(.text)
    __aeabi_cdrcmple                         0x08000555   Thumb Code    48  cdrcmple.o(.text)
    __aeabi_llsl                             0x08000585   Thumb Code    30  llshl.o(.text)
    _ll_shift_l                              0x08000585   Thumb Code     0  llshl.o(.text)
    __aeabi_llsr                             0x080005a3   Thumb Code    32  llushr.o(.text)
    _ll_ushift_r                             0x080005a3   Thumb Code     0  llushr.o(.text)
    __aeabi_lasr                             0x080005c3   Thumb Code    36  llsshr.o(.text)
    _ll_sshift_r                             0x080005c3   Thumb Code     0  llsshr.o(.text)
    __I$use$fp                               0x080005e7   Thumb Code     0  iusefp.o(.text)
    _double_round                            0x080005e7   Thumb Code    30  depilogue.o(.text)
    _double_epilogue                         0x08000605   Thumb Code   156  depilogue.o(.text)
    __scatterload                            0x080006a1   Thumb Code    28  init.o(.text)
    __scatterload_rt2                        0x080006a1   Thumb Code     0  init.o(.text)
    ADC_dispose                              0x0800087d   Thumb Code   134  adc.o(i.ADC_dispose)
    BusFault_Handler                         0x0800090d   Thumb Code     2  stm32f4xx_it.o(i.BusFault_Handler)
    DMA2_Stream0_IRQHandler                  0x08000911   Thumb Code     6  stm32f4xx_it.o(i.DMA2_Stream0_IRQHandler)
    DebugMon_Handler                         0x080009c1   Thumb Code     2  stm32f4xx_it.o(i.DebugMon_Handler)
    Error_Handler                            0x080009c3   Thumb Code     2  main.o(i.Error_Handler)
    HAL_ADC_ConfigChannel                    0x080009c5   Thumb Code   316  stm32f4xx_hal_adc.o(i.HAL_ADC_ConfigChannel)
    HAL_ADC_ConvCpltCallback                 0x08000b11   Thumb Code     2  stm32f4xx_hal_adc.o(i.HAL_ADC_ConvCpltCallback)
    HAL_ADC_ConvHalfCpltCallback             0x08000b13   Thumb Code     2  stm32f4xx_hal_adc.o(i.HAL_ADC_ConvHalfCpltCallback)
    HAL_ADC_ErrorCallback                    0x08000b15   Thumb Code     2  stm32f4xx_hal_adc.o(i.HAL_ADC_ErrorCallback)
    HAL_ADC_Init                             0x08000b17   Thumb Code    84  stm32f4xx_hal_adc.o(i.HAL_ADC_Init)
    HAL_ADC_MspInit                          0x08000b6d   Thumb Code   160  adc.o(i.HAL_ADC_MspInit)
    HAL_ADC_Start_DMA                        0x08000c25   Thumb Code   302  stm32f4xx_hal_adc.o(i.HAL_ADC_Start_DMA)
    HAL_DMA_Abort                            0x08000d79   Thumb Code   146  stm32f4xx_hal_dma.o(i.HAL_DMA_Abort)
    HAL_DMA_Abort_IT                         0x08000e0b   Thumb Code    36  stm32f4xx_hal_dma.o(i.HAL_DMA_Abort_IT)
    HAL_DMA_IRQHandler                       0x08000e31   Thumb Code   412  stm32f4xx_hal_dma.o(i.HAL_DMA_IRQHandler)
    HAL_DMA_Init                             0x08000fd1   Thumb Code   206  stm32f4xx_hal_dma.o(i.HAL_DMA_Init)
    HAL_DMA_Start_IT                         0x080010a5   Thumb Code   110  stm32f4xx_hal_dma.o(i.HAL_DMA_Start_IT)
    HAL_Delay                                0x08001115   Thumb Code    32  stm32f4xx_hal.o(i.HAL_Delay)
    HAL_GPIO_Init                            0x08001139   Thumb Code   450  stm32f4xx_hal_gpio.o(i.HAL_GPIO_Init)
    HAL_GPIO_ReadPin                         0x08001329   Thumb Code    10  stm32f4xx_hal_gpio.o(i.HAL_GPIO_ReadPin)
    HAL_GPIO_WritePin                        0x08001333   Thumb Code    10  stm32f4xx_hal_gpio.o(i.HAL_GPIO_WritePin)
    HAL_GetTick                              0x0800133d   Thumb Code     6  stm32f4xx_hal.o(i.HAL_GetTick)
    HAL_IncTick                              0x08001349   Thumb Code    12  stm32f4xx_hal.o(i.HAL_IncTick)
    HAL_Init                                 0x08001359   Thumb Code    48  stm32f4xx_hal.o(i.HAL_Init)
    HAL_InitTick                             0x0800138d   Thumb Code    54  stm32f4xx_hal.o(i.HAL_InitTick)
    HAL_MspInit                              0x080013cd   Thumb Code    42  stm32f4xx_hal_msp.o(i.HAL_MspInit)
    HAL_NVIC_EnableIRQ                       0x080013fd   Thumb Code    26  stm32f4xx_hal_cortex.o(i.HAL_NVIC_EnableIRQ)
    HAL_NVIC_SetPriority                     0x08001419   Thumb Code    60  stm32f4xx_hal_cortex.o(i.HAL_NVIC_SetPriority)
    HAL_NVIC_SetPriorityGrouping             0x08001459   Thumb Code    26  stm32f4xx_hal_cortex.o(i.HAL_NVIC_SetPriorityGrouping)
    HAL_RCC_ClockConfig                      0x0800147d   Thumb Code   288  stm32f4xx_hal_rcc.o(i.HAL_RCC_ClockConfig)
    HAL_RCC_GetPCLK1Freq                     0x080015b1   Thumb Code    20  stm32f4xx_hal_rcc.o(i.HAL_RCC_GetPCLK1Freq)
    HAL_RCC_GetPCLK2Freq                     0x080015d1   Thumb Code    20  stm32f4xx_hal_rcc.o(i.HAL_RCC_GetPCLK2Freq)
    HAL_RCC_GetSysClockFreq                  0x080015f1   Thumb Code    88  stm32f4xx_hal_rcc.o(i.HAL_RCC_GetSysClockFreq)
    HAL_RCC_OscConfig                        0x08001655   Thumb Code   856  stm32f4xx_hal_rcc.o(i.HAL_RCC_OscConfig)
    HAL_SYSTICK_Config                       0x080019c1   Thumb Code    40  stm32f4xx_hal_cortex.o(i.HAL_SYSTICK_Config)
    HAL_TIMEx_BreakCallback                  0x080019e9   Thumb Code     2  stm32f4xx_hal_tim_ex.o(i.HAL_TIMEx_BreakCallback)
    HAL_TIMEx_CommutCallback                 0x080019eb   Thumb Code     2  stm32f4xx_hal_tim_ex.o(i.HAL_TIMEx_CommutCallback)
    HAL_TIMEx_MasterConfigSynchronization    0x080019ed   Thumb Code   116  stm32f4xx_hal_tim_ex.o(i.HAL_TIMEx_MasterConfigSynchronization)
    HAL_TIM_Base_Init                        0x08001a7d   Thumb Code    90  stm32f4xx_hal_tim.o(i.HAL_TIM_Base_Init)
    HAL_TIM_Base_MspInit                     0x08001ad9   Thumb Code    50  tim.o(i.HAL_TIM_Base_MspInit)
    HAL_TIM_Base_Start_IT                    0x08001b15   Thumb Code   100  stm32f4xx_hal_tim.o(i.HAL_TIM_Base_Start_IT)
    HAL_TIM_ConfigClockSource                0x08001b95   Thumb Code   220  stm32f4xx_hal_tim.o(i.HAL_TIM_ConfigClockSource)
    HAL_TIM_IC_CaptureCallback               0x08001c71   Thumb Code     2  stm32f4xx_hal_tim.o(i.HAL_TIM_IC_CaptureCallback)
    HAL_TIM_IRQHandler                       0x08001c73   Thumb Code   304  stm32f4xx_hal_tim.o(i.HAL_TIM_IRQHandler)
    HAL_TIM_MspPostInit                      0x08001da5   Thumb Code   154  tim.o(i.HAL_TIM_MspPostInit)
    HAL_TIM_OC_DelayElapsedCallback          0x08001e59   Thumb Code     2  stm32f4xx_hal_tim.o(i.HAL_TIM_OC_DelayElapsedCallback)
    HAL_TIM_PWM_ConfigChannel                0x08001e5b   Thumb Code   204  stm32f4xx_hal_tim.o(i.HAL_TIM_PWM_ConfigChannel)
    HAL_TIM_PWM_Init                         0x08001f27   Thumb Code    90  stm32f4xx_hal_tim.o(i.HAL_TIM_PWM_Init)
    HAL_TIM_PWM_MspInit                      0x08001f81   Thumb Code    94  tim.o(i.HAL_TIM_PWM_MspInit)
    HAL_TIM_PWM_PulseFinishedCallback        0x08001fed   Thumb Code     2  stm32f4xx_hal_tim.o(i.HAL_TIM_PWM_PulseFinishedCallback)
    HAL_TIM_PWM_Start                        0x08001ff1   Thumb Code   172  stm32f4xx_hal_tim.o(i.HAL_TIM_PWM_Start)
    HAL_TIM_PeriodElapsedCallback            0x080020b9   Thumb Code     2  stm32f4xx_hal_tim.o(i.HAL_TIM_PeriodElapsedCallback)
    HAL_TIM_TriggerCallback                  0x080020bb   Thumb Code     2  stm32f4xx_hal_tim.o(i.HAL_TIM_TriggerCallback)
    HAL_UARTEx_RxEventCallback               0x080020bd   Thumb Code     2  stm32f4xx_hal_uart.o(i.HAL_UARTEx_RxEventCallback)
    HAL_UART_ErrorCallback                   0x080020bf   Thumb Code     2  stm32f4xx_hal_uart.o(i.HAL_UART_ErrorCallback)
    HAL_UART_IRQHandler                      0x080020c1   Thumb Code   618  stm32f4xx_hal_uart.o(i.HAL_UART_IRQHandler)
    HAL_UART_Init                            0x08002331   Thumb Code   100  stm32f4xx_hal_uart.o(i.HAL_UART_Init)
    HAL_UART_MspInit                         0x08002395   Thumb Code   564  usart.o(i.HAL_UART_MspInit)
    HAL_UART_Receive_IT                      0x080025fd   Thumb Code    28  stm32f4xx_hal_uart.o(i.HAL_UART_Receive_IT)
    HAL_UART_RxCpltCallback                  0x08002619   Thumb Code  2356  usart.o(i.HAL_UART_RxCpltCallback)
    HAL_UART_TxCpltCallback                  0x08002f69   Thumb Code     2  stm32f4xx_hal_uart.o(i.HAL_UART_TxCpltCallback)
    HardFault_Handler                        0x08002f6b   Thumb Code     2  stm32f4xx_it.o(i.HardFault_Handler)
    MX_ADC1_Init                             0x08002f6d   Thumb Code   132  adc.o(i.MX_ADC1_Init)
    MX_DMA_Init                              0x08002ffd   Thumb Code    40  dma.o(i.MX_DMA_Init)
    MX_GPIO_Init                             0x08003029   Thumb Code   136  gpio.o(i.MX_GPIO_Init)
    MX_TIM1_Init                             0x080030b9   Thumb Code   100  tim.o(i.MX_TIM1_Init)
    MX_TIM2_Init                             0x08003125   Thumb Code   120  tim.o(i.MX_TIM2_Init)
    MX_TIM3_Init                             0x080031a1   Thumb Code   118  tim.o(i.MX_TIM3_Init)
    MX_TIM4_Init                             0x08003221   Thumb Code   150  tim.o(i.MX_TIM4_Init)
    MX_UART4_Init                            0x080032c1   Thumb Code    54  usart.o(i.MX_UART4_Init)
    MX_UART5_Init                            0x08003305   Thumb Code    54  usart.o(i.MX_UART5_Init)
    MX_USART1_UART_Init                      0x08003349   Thumb Code    54  usart.o(i.MX_USART1_UART_Init)
    MX_USART2_UART_Init                      0x0800338d   Thumb Code    54  usart.o(i.MX_USART2_UART_Init)
    MX_USART3_UART_Init                      0x080033d1   Thumb Code    54  usart.o(i.MX_USART3_UART_Init)
    MX_USART6_UART_Init                      0x08003415   Thumb Code    48  usart.o(i.MX_USART6_UART_Init)
    MemManage_Handler                        0x0800344d   Thumb Code     2  stm32f4xx_it.o(i.MemManage_Handler)
    Motor_Stop                               0x08003451   Thumb Code    28  motor.o(i.Motor_Stop)
    NMI_Handler                              0x08003475   Thumb Code     2  stm32f4xx_it.o(i.NMI_Handler)
    OLED_Clear                               0x08003477   Thumb Code    38  oled.o(i.OLED_Clear)
    OLED_I2C_Init                            0x0800349d   Thumb Code    22  oled.o(i.OLED_I2C_Init)
    OLED_I2C_SendByte                        0x080034b3   Thumb Code    54  oled.o(i.OLED_I2C_SendByte)
    OLED_I2C_Start                           0x080034e9   Thumb Code    30  oled.o(i.OLED_I2C_Start)
    OLED_I2C_Stop                            0x08003507   Thumb Code    24  oled.o(i.OLED_I2C_Stop)
    OLED_Init                                0x0800351f   Thumb Code   172  oled.o(i.OLED_Init)
    OLED_Pow                                 0x080035cb   Thumb Code    14  oled.o(i.OLED_Pow)
    OLED_SetCursor                           0x080035d9   Thumb Code    34  oled.o(i.OLED_SetCursor)
    OLED_ShowChar                            0x080035fd   Thumb Code    98  oled.o(i.OLED_ShowChar)
    OLED_ShowNum                             0x08003665   Thumb Code    66  oled.o(i.OLED_ShowNum)
    OLED_W_SCL                               0x080036a9   Thumb Code    12  oled.o(i.OLED_W_SCL)
    OLED_W_SDA                               0x080036b9   Thumb Code    12  oled.o(i.OLED_W_SDA)
    OLED_WriteCommand                        0x080036c9   Thumb Code    34  oled.o(i.OLED_WriteCommand)
    OLED_WriteData                           0x080036eb   Thumb Code    34  oled.o(i.OLED_WriteData)
    PWM_Init                                 0x0800370d   Thumb Code    76  motor.o(i.PWM_Init)
    PWM_SetCompare                           0x08003765   Thumb Code    64  motor.o(i.PWM_SetCompare)
    PendSV_Handler                           0x080037b1   Thumb Code     2  stm32f4xx_it.o(i.PendSV_Handler)
    ProcessMotorCommands                     0x080037b5   Thumb Code   204  serial.o(i.ProcessMotorCommands)
    Read_left_front_edge                     0x08003891   Thumb Code     8  e18.o(i.Read_left_front_edge)
    Read_right_front_edge                    0x0800389d   Thumb Code     8  e18.o(i.Read_right_front_edge)
    Read_wall_left                           0x080038a9   Thumb Code     8  e18.o(i.Read_wall_left)
    Read_wall_right                          0x080038b5   Thumb Code     8  e18.o(i.Read_wall_right)
    SVC_Handler                              0x080038c1   Thumb Code     2  stm32f4xx_it.o(i.SVC_Handler)
    SysTick_Handler                          0x080038c3   Thumb Code     4  stm32f4xx_it.o(i.SysTick_Handler)
    SystemClock_Config                       0x080038c9   Thumb Code   136  main.o(i.SystemClock_Config)
    SystemInit                               0x08003959   Thumb Code    12  system_stm32f4xx.o(i.SystemInit)
    TIM1_UP_TIM10_IRQHandler                 0x08003969   Thumb Code    78  stm32f4xx_it.o(i.TIM1_UP_TIM10_IRQHandler)
    TIM2_IRQHandler                          0x080039c9   Thumb Code     6  stm32f4xx_it.o(i.TIM2_IRQHandler)
    TIM_Base_SetConfig                       0x080039d5   Thumb Code   170  stm32f4xx_hal_tim.o(i.TIM_Base_SetConfig)
    TIM_CCxChannelCmd                        0x08003aad   Thumb Code    26  stm32f4xx_hal_tim.o(i.TIM_CCxChannelCmd)
    TIM_ETR_SetConfig                        0x08003ac7   Thumb Code    20  stm32f4xx_hal_tim.o(i.TIM_ETR_SetConfig)
    TIM_OC2_SetConfig                        0x08003b4d   Thumb Code    98  stm32f4xx_hal_tim.o(i.TIM_OC2_SetConfig)
    Turn_180                                 0x08003cb9   Thumb Code    58  motor.o(i.Turn_180)
    Turn_left_90                             0x08003cf9   Thumb Code   102  motor.o(i.Turn_left_90)
    Turn_right_90                            0x08003d65   Thumb Code   102  motor.o(i.Turn_right_90)
    UART4_IRQHandler                         0x08003dd1   Thumb Code     6  stm32f4xx_it.o(i.UART4_IRQHandler)
    UART5_IRQHandler                         0x08003ddd   Thumb Code     6  stm32f4xx_it.o(i.UART5_IRQHandler)
    UART_Init                                0x08003e49   Thumb Code    10  serial.o(i.UART_Init)
    UART_ParsePacket                         0x08003e5d   Thumb Code    30  serial.o(i.UART_ParsePacket)
    UART_Start_Receive_IT                    0x08004051   Thumb Code    54  stm32f4xx_hal_uart.o(i.UART_Start_Receive_IT)
    USART1_IRQHandler                        0x08004089   Thumb Code     6  stm32f4xx_it.o(i.USART1_IRQHandler)
    USART2_IRQHandler                        0x08004095   Thumb Code     6  stm32f4xx_it.o(i.USART2_IRQHandler)
    USART3_IRQHandler                        0x080040a1   Thumb Code     6  stm32f4xx_it.o(i.USART3_IRQHandler)
    USART6_IRQHandler                        0x080040ad   Thumb Code     6  stm32f4xx_it.o(i.USART6_IRQHandler)
    UsageFault_Handler                       0x080040b9   Thumb Code     2  stm32f4xx_it.o(i.UsageFault_Handler)
    __scatterload_copy                       0x080040db   Thumb Code    14  handlers.o(i.__scatterload_copy)
    __scatterload_null                       0x080040e9   Thumb Code     2  handlers.o(i.__scatterload_null)
    __scatterload_zeroinit                   0x080040eb   Thumb Code    14  handlers.o(i.__scatterload_zeroinit)
    data1_process                            0x080040f9   Thumb Code   172  usart.o(i.data1_process)
    data2_process                            0x080041c5   Thumb Code   152  usart.o(i.data2_process)
    data5_process                            0x0800427d   Thumb Code   146  usart.o(i.data5_process)
    direction_judge                          0x08004331   Thumb Code    40  adc.o(i.direction_judge)
    edge_scan                                0x0800435d   Thumb Code    78  on_stage.o(i.edge_scan)
    left_Speed                               0x080043ad   Thumb Code   180  motor.o(i.left_Speed)
    main                                     0x08004469   Thumb Code   286  main.o(i.main)
    move                                     0x080045c1   Thumb Code   162  motor.o(i.move)
    right_Speed                              0x08004671   Thumb Code   190  motor.o(i.right_Speed)
    tai_shang_control                        0x08004739   Thumb Code   342  on_stage.o(i.tai_shang_control)
    under_stage_control                      0x080048a1   Thumb Code   746  under_stage.o(i.under_stage_control)
    AHBPrescTable                            0x08004bf0   Data          16  system_stm32f4xx.o(.constdata)
    APBPrescTable                            0x08004c00   Data           8  system_stm32f4xx.o(.constdata)
    OLED_F8x16                               0x08004c08   Data        1520  oled.o(.constdata)
    Region$$Table$$Base                      0x080051f8   Number         0  anon$$obj.o(Region$$Table)
    Region$$Table$$Limit                     0x08005218   Number         0  anon$$obj.o(Region$$Table)
    j                                        0x20000000   Data           1  main.o(.data)
    judge                                    0x20000002   Data           2  main.o(.data)
    receive_cnt1                             0x20000004   Data           2  main.o(.data)
    confidence1                              0x20000006   Data           1  main.o(.data)
    distance1                                0x20000008   Data           2  main.o(.data)
    noise1                                   0x2000000a   Data           2  main.o(.data)
    reftof1                                  0x2000000c   Data           2  main.o(.data)
    peak1                                    0x20000010   Data           4  main.o(.data)
    intg1                                    0x20000014   Data           4  main.o(.data)
    receive_cnt2                             0x20000018   Data           2  main.o(.data)
    confidence2                              0x2000001a   Data           1  main.o(.data)
    distance2                                0x2000001c   Data           2  main.o(.data)
    noise2                                   0x2000001e   Data           2  main.o(.data)
    reftof2                                  0x20000020   Data           2  main.o(.data)
    peak2                                    0x20000024   Data           4  main.o(.data)
    intg2                                    0x20000028   Data           4  main.o(.data)
    receive_cnt5                             0x2000002c   Data           2  main.o(.data)
    confidence5                              0x2000002e   Data           1  main.o(.data)
    distance5                                0x20000030   Data           2  main.o(.data)
    noise5                                   0x20000032   Data           2  main.o(.data)
    reftof5                                  0x20000034   Data           2  main.o(.data)
    peak5                                    0x20000038   Data           4  main.o(.data)
    intg5                                    0x2000003c   Data           4  main.o(.data)
    adcValue                                 0x20000042   Data           8  adc.o(.data)
    Usart1_Receive_buf                       0x20000058   Data           1  usart.o(.data)
    Uart4_Receive_buf                        0x20000059   Data           1  usart.o(.data)
    Uart5_Receive_buf                        0x2000005a   Data           1  usart.o(.data)
    Usart2_Receive_buf                       0x2000005b   Data           1  usart.o(.data)
    Usart3_Receive_buf                       0x2000005c   Data           1  usart.o(.data)
    cnt                                      0x20000068   Data           4  stm32f4xx_it.o(.data)
    uwTickFreq                               0x2000006c   Data           1  stm32f4xx_hal.o(.data)
    uwTickPrio                               0x20000070   Data           4  stm32f4xx_hal.o(.data)
    uwTick                                   0x20000074   Data           4  stm32f4xx_hal.o(.data)
    SystemCoreClock                          0x20000078   Data           4  system_stm32f4xx.o(.data)
    ts                                       0x2000007c   Data           1  motor.o(.data)
    tt                                       0x2000007d   Data           1  motor.o(.data)
    Last_left_Speed                          0x20000080   Data           4  motor.o(.data)
    Last_right_Speed                         0x20000084   Data           4  motor.o(.data)
    speed_updated                            0x20000088   Data           1  serial.o(.data)
    Serial_RxFlag                            0x20000089   Data           1  serial.o(.data)
    uart_rx_byte                             0x2000008a   Data           1  serial.o(.data)
    left_pwm                                 0x2000008c   Data           2  serial.o(.data)
    right_pwm                                0x2000008e   Data           2  serial.o(.data)
    left_laser                               0x20000090   Data           2  serial.o(.data)
    right_laser                              0x20000092   Data           2  serial.o(.data)
    Serial_TxPacket                          0x20000094   Data           4  serial.o(.data)
    l_light                                  0x20000098   Data           1  under_stage.o(.data)
    r_light                                  0x20000099   Data           1  under_stage.o(.data)
    flag                                     0x2000009a   Data           1  under_stage.o(.data)
    cnt1                                     0x2000009c   Data           2  under_stage.o(.data)
    cnt2                                     0x2000009e   Data           2  under_stage.o(.data)
    My_adcData                               0x200000a0   Data          48  adc.o(.bss)
    hadc1                                    0x200000d0   Data          72  adc.o(.bss)
    hdma_adc1                                0x20000118   Data          96  adc.o(.bss)
    htim1                                    0x20000178   Data          72  tim.o(.bss)
    htim2                                    0x200001c0   Data          72  tim.o(.bss)
    htim3                                    0x20000208   Data          72  tim.o(.bss)
    htim4                                    0x20000250   Data          72  tim.o(.bss)
    huart4                                   0x200002a4   Data          72  usart.o(.bss)
    huart5                                   0x200002ec   Data          72  usart.o(.bss)
    huart1                                   0x20000334   Data          72  usart.o(.bss)
    huart2                                   0x2000037c   Data          72  usart.o(.bss)
    huart3                                   0x200003c4   Data          72  usart.o(.bss)
    huart6                                   0x2000040c   Data          72  usart.o(.bss)
    Pack_Data1                               0x20000454   Data         240  usart.o(.bss)
    Pack_Data2                               0x20000544   Data         240  usart.o(.bss)
    Pack_Data5                               0x20000634   Data         240  usart.o(.bss)
    __initial_sp                             0x20000b28   Data           0  startup_stm32f407xx.o(STACK)



==============================================================================

Memory Map of the image

  Image Entry point : 0x08000189

  Load Region LR_IROM1 (Base: 0x08000000, Size: 0x000052b8, Max: 0x00080000, ABSOLUTE)

    Execution Region ER_IROM1 (Exec base: 0x08000000, Load base: 0x08000000, Size: 0x00005218, Max: 0x00080000, ABSOLUTE)

    Exec Addr    Load Addr    Size         Type   Attr      Idx    E Section Name        Object

    0x08000000   0x08000000   0x00000188   Data   RO            3    RESET               startup_stm32f407xx.o
    0x08000188   0x08000188   0x00000000   Code   RO         3967  * .ARM.Collect$$$$00000000  mc_w.l(entry.o)
    0x08000188   0x08000188   0x00000004   Code   RO         4020    .ARM.Collect$$$$00000001  mc_w.l(entry2.o)
    0x0800018c   0x0800018c   0x00000004   Code   RO         4023    .ARM.Collect$$$$00000004  mc_w.l(entry5.o)
    0x08000190   0x08000190   0x00000000   Code   RO         4025    .ARM.Collect$$$$00000008  mc_w.l(entry7b.o)
    0x08000190   0x08000190   0x00000000   Code   RO         4027    .ARM.Collect$$$$0000000A  mc_w.l(entry8b.o)
    0x08000190   0x08000190   0x00000008   Code   RO         4028    .ARM.Collect$$$$0000000B  mc_w.l(entry9a.o)
    0x08000198   0x08000198   0x00000000   Code   RO         4030    .ARM.Collect$$$$0000000D  mc_w.l(entry10a.o)
    0x08000198   0x08000198   0x00000000   Code   RO         4032    .ARM.Collect$$$$0000000F  mc_w.l(entry11a.o)
    0x08000198   0x08000198   0x00000004   Code   RO         4021    .ARM.Collect$$$$00002712  mc_w.l(entry2.o)
    0x0800019c   0x0800019c   0x00000024   Code   RO            4    .text               startup_stm32f407xx.o
    0x080001c0   0x080001c0   0x00000062   Code   RO         3970    .text               mc_w.l(uldiv.o)
    0x08000222   0x08000222   0x00000024   Code   RO         3972    .text               mc_w.l(memseta.o)
    0x08000246   0x08000246   0x0000014e   Code   RO         4002    .text               mf_w.l(dadd.o)
    0x08000394   0x08000394   0x000000e4   Code   RO         4004    .text               mf_w.l(dmul.o)
    0x08000478   0x08000478   0x00000022   Code   RO         4008    .text               mf_w.l(dflti.o)
    0x0800049a   0x0800049a   0x0000001a   Code   RO         4010    .text               mf_w.l(dfltui.o)
    0x080004b4   0x080004b4   0x0000003e   Code   RO         4012    .text               mf_w.l(dfixi.o)
    0x080004f2   0x080004f2   0x00000032   Code   RO         4014    .text               mf_w.l(dfixui.o)
    0x08000524   0x08000524   0x00000030   Code   RO         4016    .text               mf_w.l(cdcmple.o)
    0x08000554   0x08000554   0x00000030   Code   RO         4018    .text               mf_w.l(cdrcmple.o)
    0x08000584   0x08000584   0x0000001e   Code   RO         4039    .text               mc_w.l(llshl.o)
    0x080005a2   0x080005a2   0x00000020   Code   RO         4041    .text               mc_w.l(llushr.o)
    0x080005c2   0x080005c2   0x00000024   Code   RO         4043    .text               mc_w.l(llsshr.o)
    0x080005e6   0x080005e6   0x00000000   Code   RO         4045    .text               mc_w.l(iusefp.o)
    0x080005e6   0x080005e6   0x000000ba   Code   RO         4046    .text               mf_w.l(depilogue.o)
    0x080006a0   0x080006a0   0x00000024   Code   RO         4052    .text               mc_w.l(init.o)
    0x080006c4   0x080006c4   0x0000006e   Code   RO          694    i.ADC_DMAConvCplt   stm32f4xx_hal_adc.o
    0x08000732   0x08000732   0x00000016   Code   RO          695    i.ADC_DMAError      stm32f4xx_hal_adc.o
    0x08000748   0x08000748   0x0000000a   Code   RO          696    i.ADC_DMAHalfConvCplt  stm32f4xx_hal_adc.o
    0x08000752   0x08000752   0x00000002   PAD
    0x08000754   0x08000754   0x00000128   Code   RO          697    i.ADC_Init          stm32f4xx_hal_adc.o
    0x0800087c   0x0800087c   0x00000090   Code   RO          270    i.ADC_dispose       adc.o
    0x0800090c   0x0800090c   0x00000002   Code   RO          536    i.BusFault_Handler  stm32f4xx_it.o
    0x0800090e   0x0800090e   0x00000002   PAD
    0x08000910   0x08000910   0x0000000c   Code   RO          537    i.DMA2_Stream0_IRQHandler  stm32f4xx_it.o
    0x0800091c   0x0800091c   0x00000028   Code   RO         1431    i.DMA_CalcBaseAndBitshift  stm32f4xx_hal_dma.o
    0x08000944   0x08000944   0x00000054   Code   RO         1432    i.DMA_CheckFifoParam  stm32f4xx_hal_dma.o
    0x08000998   0x08000998   0x00000028   Code   RO         1433    i.DMA_SetConfig     stm32f4xx_hal_dma.o
    0x080009c0   0x080009c0   0x00000002   Code   RO          538    i.DebugMon_Handler  stm32f4xx_it.o
    0x080009c2   0x080009c2   0x00000002   Code   RO           13    i.Error_Handler     main.o
    0x080009c4   0x080009c4   0x0000014c   Code   RO          699    i.HAL_ADC_ConfigChannel  stm32f4xx_hal_adc.o
    0x08000b10   0x08000b10   0x00000002   Code   RO          700    i.HAL_ADC_ConvCpltCallback  stm32f4xx_hal_adc.o
    0x08000b12   0x08000b12   0x00000002   Code   RO          701    i.HAL_ADC_ConvHalfCpltCallback  stm32f4xx_hal_adc.o
    0x08000b14   0x08000b14   0x00000002   Code   RO          703    i.HAL_ADC_ErrorCallback  stm32f4xx_hal_adc.o
    0x08000b16   0x08000b16   0x00000054   Code   RO          708    i.HAL_ADC_Init      stm32f4xx_hal_adc.o
    0x08000b6a   0x08000b6a   0x00000002   PAD
    0x08000b6c   0x08000b6c   0x000000b8   Code   RO          272    i.HAL_ADC_MspInit   adc.o
    0x08000c24   0x08000c24   0x00000154   Code   RO          715    i.HAL_ADC_Start_DMA  stm32f4xx_hal_adc.o
    0x08000d78   0x08000d78   0x00000092   Code   RO         1434    i.HAL_DMA_Abort     stm32f4xx_hal_dma.o
    0x08000e0a   0x08000e0a   0x00000024   Code   RO         1435    i.HAL_DMA_Abort_IT  stm32f4xx_hal_dma.o
    0x08000e2e   0x08000e2e   0x00000002   PAD
    0x08000e30   0x08000e30   0x000001a0   Code   RO         1439    i.HAL_DMA_IRQHandler  stm32f4xx_hal_dma.o
    0x08000fd0   0x08000fd0   0x000000d4   Code   RO         1440    i.HAL_DMA_Init      stm32f4xx_hal_dma.o
    0x080010a4   0x080010a4   0x0000006e   Code   RO         1444    i.HAL_DMA_Start_IT  stm32f4xx_hal_dma.o
    0x08001112   0x08001112   0x00000002   PAD
    0x08001114   0x08001114   0x00000024   Code   RO         1871    i.HAL_Delay         stm32f4xx_hal.o
    0x08001138   0x08001138   0x000001f0   Code   RO         1327    i.HAL_GPIO_Init     stm32f4xx_hal_gpio.o
    0x08001328   0x08001328   0x0000000a   Code   RO         1329    i.HAL_GPIO_ReadPin  stm32f4xx_hal_gpio.o
    0x08001332   0x08001332   0x0000000a   Code   RO         1331    i.HAL_GPIO_WritePin  stm32f4xx_hal_gpio.o
    0x0800133c   0x0800133c   0x0000000c   Code   RO         1877    i.HAL_GetTick       stm32f4xx_hal.o
    0x08001348   0x08001348   0x00000010   Code   RO         1883    i.HAL_IncTick       stm32f4xx_hal.o
    0x08001358   0x08001358   0x00000034   Code   RO         1884    i.HAL_Init          stm32f4xx_hal.o
    0x0800138c   0x0800138c   0x00000040   Code   RO         1885    i.HAL_InitTick      stm32f4xx_hal.o
    0x080013cc   0x080013cc   0x00000030   Code   RO          670    i.HAL_MspInit       stm32f4xx_hal_msp.o
    0x080013fc   0x080013fc   0x0000001a   Code   RO         1719    i.HAL_NVIC_EnableIRQ  stm32f4xx_hal_cortex.o
    0x08001416   0x08001416   0x00000002   PAD
    0x08001418   0x08001418   0x00000040   Code   RO         1725    i.HAL_NVIC_SetPriority  stm32f4xx_hal_cortex.o
    0x08001458   0x08001458   0x00000024   Code   RO         1726    i.HAL_NVIC_SetPriorityGrouping  stm32f4xx_hal_cortex.o
    0x0800147c   0x0800147c   0x00000134   Code   RO          973    i.HAL_RCC_ClockConfig  stm32f4xx_hal_rcc.o
    0x080015b0   0x080015b0   0x00000020   Code   RO          980    i.HAL_RCC_GetPCLK1Freq  stm32f4xx_hal_rcc.o
    0x080015d0   0x080015d0   0x00000020   Code   RO          981    i.HAL_RCC_GetPCLK2Freq  stm32f4xx_hal_rcc.o
    0x080015f0   0x080015f0   0x00000064   Code   RO          982    i.HAL_RCC_GetSysClockFreq  stm32f4xx_hal_rcc.o
    0x08001654   0x08001654   0x0000036c   Code   RO          985    i.HAL_RCC_OscConfig  stm32f4xx_hal_rcc.o
    0x080019c0   0x080019c0   0x00000028   Code   RO         1730    i.HAL_SYSTICK_Config  stm32f4xx_hal_cortex.o
    0x080019e8   0x080019e8   0x00000002   Code   RO         2828    i.HAL_TIMEx_BreakCallback  stm32f4xx_hal_tim_ex.o
    0x080019ea   0x080019ea   0x00000002   Code   RO         2829    i.HAL_TIMEx_CommutCallback  stm32f4xx_hal_tim_ex.o
    0x080019ec   0x080019ec   0x00000090   Code   RO         2847    i.HAL_TIMEx_MasterConfigSynchronization  stm32f4xx_hal_tim_ex.o
    0x08001a7c   0x08001a7c   0x0000005a   Code   RO         2124    i.HAL_TIM_Base_Init  stm32f4xx_hal_tim.o
    0x08001ad6   0x08001ad6   0x00000002   PAD
    0x08001ad8   0x08001ad8   0x0000003c   Code   RO          353    i.HAL_TIM_Base_MspInit  tim.o
    0x08001b14   0x08001b14   0x00000080   Code   RO         2129    i.HAL_TIM_Base_Start_IT  stm32f4xx_hal_tim.o
    0x08001b94   0x08001b94   0x000000dc   Code   RO         2133    i.HAL_TIM_ConfigClockSource  stm32f4xx_hal_tim.o
    0x08001c70   0x08001c70   0x00000002   Code   RO         2158    i.HAL_TIM_IC_CaptureCallback  stm32f4xx_hal_tim.o
    0x08001c72   0x08001c72   0x00000130   Code   RO         2172    i.HAL_TIM_IRQHandler  stm32f4xx_hal_tim.o
    0x08001da2   0x08001da2   0x00000002   PAD
    0x08001da4   0x08001da4   0x000000b4   Code   RO          354    i.HAL_TIM_MspPostInit  tim.o
    0x08001e58   0x08001e58   0x00000002   Code   RO         2175    i.HAL_TIM_OC_DelayElapsedCallback  stm32f4xx_hal_tim.o
    0x08001e5a   0x08001e5a   0x000000cc   Code   RO         2196    i.HAL_TIM_PWM_ConfigChannel  stm32f4xx_hal_tim.o
    0x08001f26   0x08001f26   0x0000005a   Code   RO         2199    i.HAL_TIM_PWM_Init  stm32f4xx_hal_tim.o
    0x08001f80   0x08001f80   0x0000006c   Code   RO          356    i.HAL_TIM_PWM_MspInit  tim.o
    0x08001fec   0x08001fec   0x00000002   Code   RO         2202    i.HAL_TIM_PWM_PulseFinishedCallback  stm32f4xx_hal_tim.o
    0x08001fee   0x08001fee   0x00000002   PAD
    0x08001ff0   0x08001ff0   0x000000c8   Code   RO         2204    i.HAL_TIM_PWM_Start  stm32f4xx_hal_tim.o
    0x080020b8   0x080020b8   0x00000002   Code   RO         2210    i.HAL_TIM_PeriodElapsedCallback  stm32f4xx_hal_tim.o
    0x080020ba   0x080020ba   0x00000002   Code   RO         2215    i.HAL_TIM_TriggerCallback  stm32f4xx_hal_tim.o
    0x080020bc   0x080020bc   0x00000002   Code   RO         3107    i.HAL_UARTEx_RxEventCallback  stm32f4xx_hal_uart.o
    0x080020be   0x080020be   0x00000002   Code   RO         3121    i.HAL_UART_ErrorCallback  stm32f4xx_hal_uart.o
    0x080020c0   0x080020c0   0x00000270   Code   RO         3124    i.HAL_UART_IRQHandler  stm32f4xx_hal_uart.o
    0x08002330   0x08002330   0x00000064   Code   RO         3125    i.HAL_UART_Init     stm32f4xx_hal_uart.o
    0x08002394   0x08002394   0x00000268   Code   RO          431    i.HAL_UART_MspInit  usart.o
    0x080025fc   0x080025fc   0x0000001c   Code   RO         3130    i.HAL_UART_Receive_IT  stm32f4xx_hal_uart.o
    0x08002618   0x08002618   0x00000950   Code   RO          432    i.HAL_UART_RxCpltCallback  usart.o
    0x08002f68   0x08002f68   0x00000002   Code   RO         3136    i.HAL_UART_TxCpltCallback  stm32f4xx_hal_uart.o
    0x08002f6a   0x08002f6a   0x00000002   Code   RO          539    i.HardFault_Handler  stm32f4xx_it.o
    0x08002f6c   0x08002f6c   0x00000090   Code   RO          273    i.MX_ADC1_Init      adc.o
    0x08002ffc   0x08002ffc   0x0000002c   Code   RO          328    i.MX_DMA_Init       dma.o
    0x08003028   0x08003028   0x00000090   Code   RO          242    i.MX_GPIO_Init      gpio.o
    0x080030b8   0x080030b8   0x0000006c   Code   RO          357    i.MX_TIM1_Init      tim.o
    0x08003124   0x08003124   0x0000007c   Code   RO          358    i.MX_TIM2_Init      tim.o
    0x080031a0   0x080031a0   0x00000080   Code   RO          359    i.MX_TIM3_Init      tim.o
    0x08003220   0x08003220   0x000000a0   Code   RO          360    i.MX_TIM4_Init      tim.o
    0x080032c0   0x080032c0   0x00000044   Code   RO          433    i.MX_UART4_Init     usart.o
    0x08003304   0x08003304   0x00000044   Code   RO          434    i.MX_UART5_Init     usart.o
    0x08003348   0x08003348   0x00000044   Code   RO          435    i.MX_USART1_UART_Init  usart.o
    0x0800338c   0x0800338c   0x00000044   Code   RO          436    i.MX_USART2_UART_Init  usart.o
    0x080033d0   0x080033d0   0x00000044   Code   RO          437    i.MX_USART3_UART_Init  usart.o
    0x08003414   0x08003414   0x00000038   Code   RO          438    i.MX_USART6_UART_Init  usart.o
    0x0800344c   0x0800344c   0x00000002   Code   RO          540    i.MemManage_Handler  stm32f4xx_it.o
    0x0800344e   0x0800344e   0x00000002   PAD
    0x08003450   0x08003450   0x00000024   Code   RO         3496    i.Motor_Stop        motor.o
    0x08003474   0x08003474   0x00000002   Code   RO          541    i.NMI_Handler       stm32f4xx_it.o
    0x08003476   0x08003476   0x00000026   Code   RO         3585    i.OLED_Clear        oled.o
    0x0800349c   0x0800349c   0x00000016   Code   RO         3586    i.OLED_I2C_Init     oled.o
    0x080034b2   0x080034b2   0x00000036   Code   RO         3587    i.OLED_I2C_SendByte  oled.o
    0x080034e8   0x080034e8   0x0000001e   Code   RO         3588    i.OLED_I2C_Start    oled.o
    0x08003506   0x08003506   0x00000018   Code   RO         3589    i.OLED_I2C_Stop     oled.o
    0x0800351e   0x0800351e   0x000000ac   Code   RO         3590    i.OLED_Init         oled.o
    0x080035ca   0x080035ca   0x0000000e   Code   RO         3591    i.OLED_Pow          oled.o
    0x080035d8   0x080035d8   0x00000022   Code   RO         3592    i.OLED_SetCursor    oled.o
    0x080035fa   0x080035fa   0x00000002   PAD
    0x080035fc   0x080035fc   0x00000068   Code   RO         3594    i.OLED_ShowChar     oled.o
    0x08003664   0x08003664   0x00000042   Code   RO         3596    i.OLED_ShowNum      oled.o
    0x080036a6   0x080036a6   0x00000002   PAD
    0x080036a8   0x080036a8   0x00000010   Code   RO         3599    i.OLED_W_SCL        oled.o
    0x080036b8   0x080036b8   0x00000010   Code   RO         3600    i.OLED_W_SDA        oled.o
    0x080036c8   0x080036c8   0x00000022   Code   RO         3601    i.OLED_WriteCommand  oled.o
    0x080036ea   0x080036ea   0x00000022   Code   RO         3602    i.OLED_WriteData    oled.o
    0x0800370c   0x0800370c   0x00000058   Code   RO         3497    i.PWM_Init          motor.o
    0x08003764   0x08003764   0x0000004c   Code   RO         3498    i.PWM_SetCompare    motor.o
    0x080037b0   0x080037b0   0x00000002   Code   RO          542    i.PendSV_Handler    stm32f4xx_it.o
    0x080037b2   0x080037b2   0x00000002   PAD
    0x080037b4   0x080037b4   0x000000dc   Code   RO         3778    i.ProcessMotorCommands  serial.o
    0x08003890   0x08003890   0x0000000c   Code   RO         3714    i.Read_left_front_edge  e18.o
    0x0800389c   0x0800389c   0x0000000c   Code   RO         3716    i.Read_right_front_edge  e18.o
    0x080038a8   0x080038a8   0x0000000c   Code   RO         3717    i.Read_wall_left    e18.o
    0x080038b4   0x080038b4   0x0000000c   Code   RO         3718    i.Read_wall_right   e18.o
    0x080038c0   0x080038c0   0x00000002   Code   RO          543    i.SVC_Handler       stm32f4xx_it.o
    0x080038c2   0x080038c2   0x00000004   Code   RO          544    i.SysTick_Handler   stm32f4xx_it.o
    0x080038c6   0x080038c6   0x00000002   PAD
    0x080038c8   0x080038c8   0x00000090   Code   RO           14    i.SystemClock_Config  main.o
    0x08003958   0x08003958   0x00000010   Code   RO         3459    i.SystemInit        system_stm32f4xx.o
    0x08003968   0x08003968   0x00000060   Code   RO          545    i.TIM1_UP_TIM10_IRQHandler  stm32f4xx_it.o
    0x080039c8   0x080039c8   0x0000000c   Code   RO          546    i.TIM2_IRQHandler   stm32f4xx_it.o
    0x080039d4   0x080039d4   0x000000d8   Code   RO         2217    i.TIM_Base_SetConfig  stm32f4xx_hal_tim.o
    0x08003aac   0x08003aac   0x0000001a   Code   RO         2218    i.TIM_CCxChannelCmd  stm32f4xx_hal_tim.o
    0x08003ac6   0x08003ac6   0x00000014   Code   RO         2228    i.TIM_ETR_SetConfig  stm32f4xx_hal_tim.o
    0x08003ada   0x08003ada   0x00000010   Code   RO         2229    i.TIM_ITRx_SetConfig  stm32f4xx_hal_tim.o
    0x08003aea   0x08003aea   0x00000002   PAD
    0x08003aec   0x08003aec   0x00000060   Code   RO         2230    i.TIM_OC1_SetConfig  stm32f4xx_hal_tim.o
    0x08003b4c   0x08003b4c   0x0000006c   Code   RO         2231    i.TIM_OC2_SetConfig  stm32f4xx_hal_tim.o
    0x08003bb8   0x08003bb8   0x00000068   Code   RO         2232    i.TIM_OC3_SetConfig  stm32f4xx_hal_tim.o
    0x08003c20   0x08003c20   0x00000050   Code   RO         2233    i.TIM_OC4_SetConfig  stm32f4xx_hal_tim.o
    0x08003c70   0x08003c70   0x00000022   Code   RO         2235    i.TIM_TI1_ConfigInputStage  stm32f4xx_hal_tim.o
    0x08003c92   0x08003c92   0x00000024   Code   RO         2237    i.TIM_TI2_ConfigInputStage  stm32f4xx_hal_tim.o
    0x08003cb6   0x08003cb6   0x00000002   PAD
    0x08003cb8   0x08003cb8   0x00000040   Code   RO         3499    i.Turn_180          motor.o
    0x08003cf8   0x08003cf8   0x0000006c   Code   RO         3501    i.Turn_left_90      motor.o
    0x08003d64   0x08003d64   0x0000006c   Code   RO         3503    i.Turn_right_90     motor.o
    0x08003dd0   0x08003dd0   0x0000000c   Code   RO          547    i.UART4_IRQHandler  stm32f4xx_it.o
    0x08003ddc   0x08003ddc   0x0000000c   Code   RO          548    i.UART5_IRQHandler  stm32f4xx_it.o
    0x08003de8   0x08003de8   0x00000010   Code   RO         3138    i.UART_DMAAbortOnError  stm32f4xx_hal_uart.o
    0x08003df8   0x08003df8   0x0000004e   Code   RO         3148    i.UART_EndRxTransfer  stm32f4xx_hal_uart.o
    0x08003e46   0x08003e46   0x00000002   PAD
    0x08003e48   0x08003e48   0x00000014   Code   RO         3782    i.UART_Init         serial.o
    0x08003e5c   0x08003e5c   0x00000024   Code   RO         3783    i.UART_ParsePacket  serial.o
    0x08003e80   0x08003e80   0x000000c2   Code   RO         3150    i.UART_Receive_IT   stm32f4xx_hal_uart.o
    0x08003f42   0x08003f42   0x00000002   PAD
    0x08003f44   0x08003f44   0x0000010c   Code   RO         3151    i.UART_SetConfig    stm32f4xx_hal_uart.o
    0x08004050   0x08004050   0x00000036   Code   RO         3153    i.UART_Start_Receive_IT  stm32f4xx_hal_uart.o
    0x08004086   0x08004086   0x00000002   PAD
    0x08004088   0x08004088   0x0000000c   Code   RO          549    i.USART1_IRQHandler  stm32f4xx_it.o
    0x08004094   0x08004094   0x0000000c   Code   RO          550    i.USART2_IRQHandler  stm32f4xx_it.o
    0x080040a0   0x080040a0   0x0000000c   Code   RO          551    i.USART3_IRQHandler  stm32f4xx_it.o
    0x080040ac   0x080040ac   0x0000000c   Code   RO          552    i.USART6_IRQHandler  stm32f4xx_it.o
    0x080040b8   0x080040b8   0x00000002   Code   RO          553    i.UsageFault_Handler  stm32f4xx_it.o
    0x080040ba   0x080040ba   0x00000020   Code   RO         1732    i.__NVIC_SetPriority  stm32f4xx_hal_cortex.o
    0x080040da   0x080040da   0x0000000e   Code   RO         4058    i.__scatterload_copy  mc_w.l(handlers.o)
    0x080040e8   0x080040e8   0x00000002   Code   RO         4059    i.__scatterload_null  mc_w.l(handlers.o)
    0x080040ea   0x080040ea   0x0000000e   Code   RO         4060    i.__scatterload_zeroinit  mc_w.l(handlers.o)
    0x080040f8   0x080040f8   0x000000cc   Code   RO          439    i.data1_process     usart.o
    0x080041c4   0x080041c4   0x000000b8   Code   RO          440    i.data2_process     usart.o
    0x0800427c   0x0800427c   0x000000b4   Code   RO          441    i.data5_process     usart.o
    0x08004330   0x08004330   0x0000002c   Code   RO          274    i.direction_judge   adc.o
    0x0800435c   0x0800435c   0x0000004e   Code   RO         3879    i.edge_scan         on_stage.o
    0x080043aa   0x080043aa   0x00000002   PAD
    0x080043ac   0x080043ac   0x000000bc   Code   RO         3504    i.left_Speed        motor.o
    0x08004468   0x08004468   0x00000158   Code   RO           15    i.main              main.o
    0x080045c0   0x080045c0   0x000000b0   Code   RO         3505    i.move              motor.o
    0x08004670   0x08004670   0x000000c8   Code   RO         3506    i.right_Speed       motor.o
    0x08004738   0x08004738   0x00000168   Code   RO         3880    i.tai_shang_control  on_stage.o
    0x080048a0   0x080048a0   0x00000348   Code   RO         3912    i.under_stage_control  under_stage.o
    0x08004be8   0x08004be8   0x00000008   Data   RO         1446    .constdata          stm32f4xx_hal_dma.o
    0x08004bf0   0x08004bf0   0x00000010   Data   RO         3460    .constdata          system_stm32f4xx.o
    0x08004c00   0x08004c00   0x00000008   Data   RO         3461    .constdata          system_stm32f4xx.o
    0x08004c08   0x08004c08   0x000005f0   Data   RO         3603    .constdata          oled.o
    0x080051f8   0x080051f8   0x00000020   Data   RO         4056    Region$$Table       anon$$obj.o


    Execution Region RW_IRAM2 (Exec base: 0x10000000, Load base: 0x080052b8, Size: 0x00000000, Max: 0x00010000, ABSOLUTE)

    **** No section assigned to this execution region ****


    Execution Region RW_IRAM1 (Exec base: 0x20000000, Load base: 0x08005218, Size: 0x00000b28, Max: 0x00020000, ABSOLUTE)

    Exec Addr    Load Addr    Size         Type   Attr      Idx    E Section Name        Object

    0x20000000   0x08005218   0x00000004   Data   RW           16    .data               main.o
    0x20000004   0x0800521c   0x00000002   Data   RW           17    .data               main.o
    0x20000006   0x0800521e   0x00000001   Data   RW           18    .data               main.o
    0x20000007   0x0800521f   0x00000001   PAD
    0x20000008   0x08005220   0x00000002   Data   RW           19    .data               main.o
    0x2000000a   0x08005222   0x00000002   Data   RW           20    .data               main.o
    0x2000000c   0x08005224   0x00000002   Data   RW           21    .data               main.o
    0x2000000e   0x08005226   0x00000002   PAD
    0x20000010   0x08005228   0x00000004   Data   RW           22    .data               main.o
    0x20000014   0x0800522c   0x00000004   Data   RW           23    .data               main.o
    0x20000018   0x08005230   0x00000002   Data   RW           25    .data               main.o
    0x2000001a   0x08005232   0x00000001   Data   RW           26    .data               main.o
    0x2000001b   0x08005233   0x00000001   PAD
    0x2000001c   0x08005234   0x00000002   Data   RW           27    .data               main.o
    0x2000001e   0x08005236   0x00000002   Data   RW           28    .data               main.o
    0x20000020   0x08005238   0x00000002   Data   RW           29    .data               main.o
    0x20000022   0x0800523a   0x00000002   PAD
    0x20000024   0x0800523c   0x00000004   Data   RW           30    .data               main.o
    0x20000028   0x08005240   0x00000004   Data   RW           31    .data               main.o
    0x2000002c   0x08005244   0x00000002   Data   RW           49    .data               main.o
    0x2000002e   0x08005246   0x00000001   Data   RW           50    .data               main.o
    0x2000002f   0x08005247   0x00000001   PAD
    0x20000030   0x08005248   0x00000002   Data   RW           51    .data               main.o
    0x20000032   0x0800524a   0x00000002   Data   RW           52    .data               main.o
    0x20000034   0x0800524c   0x00000002   Data   RW           53    .data               main.o
    0x20000036   0x0800524e   0x00000002   PAD
    0x20000038   0x08005250   0x00000004   Data   RW           54    .data               main.o
    0x2000003c   0x08005254   0x00000004   Data   RW           55    .data               main.o
    0x20000040   0x08005258   0x0000000a   Data   RW          276    .data               adc.o
    0x2000004a   0x08005262   0x00000002   PAD
    0x2000004c   0x08005264   0x0000001c   Data   RW          449    .data               usart.o
    0x20000068   0x08005280   0x00000004   Data   RW          554    .data               stm32f4xx_it.o
    0x2000006c   0x08005284   0x0000000c   Data   RW         1891    .data               stm32f4xx_hal.o
    0x20000078   0x08005290   0x00000004   Data   RW         3462    .data               system_stm32f4xx.o
    0x2000007c   0x08005294   0x0000000c   Data   RW         3507    .data               motor.o
    0x20000088   0x080052a0   0x00000010   Data   RW         3790    .data               serial.o
    0x20000098   0x080052b0   0x00000008   Data   RW         3920    .data               under_stage.o
    0x200000a0        -       0x000000d8   Zero   RW          275    .bss                adc.o
    0x20000178        -       0x00000120   Zero   RW          361    .bss                tim.o
    0x20000298        -       0x0000048c   Zero   RW          442    .bss                usart.o
    0x20000724   0x080052b8   0x00000004   PAD
    0x20000728        -       0x00000400   Zero   RW            1    STACK               startup_stm32f407xx.o


==============================================================================

Image component sizes


      Code (inc. data)   RO Data    RW Data    ZI Data      Debug   Object Name

       516         50          0         10        216       3887   adc.o
        44          4          0          0          0        886   dma.o
        48         16          0          0          0       2174   e18.o
       144          8          0          0          0       1103   gpio.o
       490         66          0         55          0     711389   main.o
      1044         92          0         12          0       6705   motor.o
       658         14       1520          0          0       9611   oled.o
       438         18          0          0          0       1632   on_stage.o
       276         32          0         16          0       3218   serial.o
        36          8        392          0       1024        884   startup_stm32f407xx.o
       180         28          0         12          0       9849   stm32f4xx_hal.o
      1200         66          0          0          0       8045   stm32f4xx_hal_adc.o
       198         14          0          0          0      34143   stm32f4xx_hal_cortex.o
      1084         16          8          0          0       7842   stm32f4xx_hal_dma.o
       516         46          0          0          0       3075   stm32f4xx_hal_gpio.o
        48          6          0          0          0        970   stm32f4xx_hal_msp.o
      1348         76          0          0          0       5568   stm32f4xx_hal_rcc.o
      1982        138          0          0          0      18352   stm32f4xx_hal_tim.o
       148         28          0          0          0       2705   stm32f4xx_hal_tim_ex.o
      1368         16          0          0          0       9920   stm32f4xx_hal_uart.o
       212         66          0          4          0       9778   stm32f4xx_it.o
        16          4         24          4          0       1295   system_stm32f4xx.o
       868         82          0          0        288       5689   tim.o
       840         94          0          8          0       1843   under_stage.o
      3964        374          0         28       1164      13852   usart.o

    ----------------------------------------------------------------------
     17706       1362       1976        160       2696     874415   Object Totals
         0          0         32          0          0          0   (incl. Generated)
        40          0          0         11          4          0   (incl. Padding)

    ----------------------------------------------------------------------

      Code (inc. data)   RO Data    RW Data    ZI Data      Debug   Library Member Name

         0          0          0          0          0          0   entry.o
         0          0          0          0          0          0   entry10a.o
         0          0          0          0          0          0   entry11a.o
         8          4          0          0          0          0   entry2.o
         4          0          0          0          0          0   entry5.o
         0          0          0          0          0          0   entry7b.o
         0          0          0          0          0          0   entry8b.o
         8          4          0          0          0          0   entry9a.o
        30          0          0          0          0          0   handlers.o
        36          8          0          0          0         68   init.o
         0          0          0          0          0          0   iusefp.o
        30          0          0          0          0         68   llshl.o
        36          0          0          0          0         68   llsshr.o
        32          0          0          0          0         68   llushr.o
        36          0          0          0          0        108   memseta.o
        98          0          0          0          0         92   uldiv.o
        48          0          0          0          0         68   cdcmple.o
        48          0          0          0          0         68   cdrcmple.o
       334          0          0          0          0        148   dadd.o
       186          0          0          0          0        176   depilogue.o
        62          0          0          0          0         80   dfixi.o
        50          0          0          0          0         76   dfixui.o
        34          0          0          0          0         76   dflti.o
        26          0          0          0          0         76   dfltui.o
       228          0          0          0          0         96   dmul.o

    ----------------------------------------------------------------------
      1334         16          0          0          0       1336   Library Totals
         0          0          0          0          0          0   (incl. Padding)

    ----------------------------------------------------------------------

      Code (inc. data)   RO Data    RW Data    ZI Data      Debug   Library Name

       318         16          0          0          0        472   mc_w.l
      1016          0          0          0          0        864   mf_w.l

    ----------------------------------------------------------------------
      1334         16          0          0          0       1336   Library Totals

    ----------------------------------------------------------------------

==============================================================================


      Code (inc. data)   RO Data    RW Data    ZI Data      Debug   

     19040       1378       1976        160       2696     860779   Grand Totals
     19040       1378       1976        160       2696     860779   ELF Image Totals
     19040       1378       1976        160          0          0   ROM Totals

==============================================================================

    Total RO  Size (Code + RO Data)                21016 (  20.52kB)
    Total RW  Size (RW Data + ZI Data)              2856 (   2.79kB)
    Total ROM Size (Code + RO Data + RW Data)      21176 (  20.68kB)

==============================================================================

